2025-11-06 09:26:37,330 - SteelRebarPricePrediction - INFO - Configuration file loaded
2025-11-06 09:29:09,722 - SteelRebarPricePrediction - INFO - Configuration file loaded
2025-11-06 09:30:34,638 - SteelRebarPricePrediction - INFO - Configuration file loaded
2025-11-06 09:30:54,959 - SteelRebarPricePrediction - INFO - Configuration file loaded
2025-11-06 09:33:15,137 - SteelRebarPricePrediction - INFO - Configuration file loaded
2025-11-06 09:36:44,081 - SteelRebarPricePrediction - INFO - Configuration file loaded
2025-11-06 09:37:03,693 - SteelRebarPricePrediction - INFO - Configuration file loaded
2025-11-06 09:38:36,772 - SteelRebarPricePrediction - INFO - Configuration file loaded
2025-11-06 09:38:48,049 - SteelRebarPricePrediction - INFO - Configuration file loaded
2025-11-06 09:39:18,140 - SteelRebarPricePrediction - INFO - Configuration file loaded
2025-11-06 09:39:26,214 - SteelRebarPricePrediction - INFO - Configuration file loaded
2025-11-06 09:39:49,204 - SteelRebarPricePrediction - INFO - Configuration file loaded
2025-11-06 09:52:27,354 - SteelRebarPricePrediction - INFO - Configuration file loaded
2025-11-06 09:57:21,626 - SteelRebarPricePrediction - INFO - Configuration file loaded
2025-11-06 09:58:19,879 - SteelRebarPricePrediction - INFO - Configuration file loaded
2025-11-06 09:58:39,863 - SteelRebarPricePrediction - INFO - Configuration file loaded
2025-11-06 10:03:34,700 - SteelRebarPricePrediction - INFO - Configuration file loaded
2025-11-06 10:06:31,863 - SteelRebarPricePrediction - INFO - Configuration file loaded
2025-11-06 10:06:37,249 - SteelRebarPricePrediction - INFO - Configuration file loaded
2025-11-06 10:08:05,917 - SteelRebarPricePrediction - INFO - Configuration file loaded
2025-11-06 10:08:29,533 - SteelRebarPricePrediction - INFO - API_KEY: DeAcero Request made during the last hour: 0
2025-11-06 10:08:29,534 - SteelRebarPricePrediction - INFO - prediction_date=datetime.date(2025, 11, 6) predicted_price_usd_per_ton=None currency='USD' unit='metric ton' model_confidence=None timestamp=datetime.datetime(2025, 11, 6, 16, 8, 29, 534471, tzinfo=datetime.timezone.utc)
2025-11-06 10:09:07,092 - SteelRebarPricePrediction - INFO - Configuration file loaded
2025-11-06 10:09:35,373 - SteelRebarPricePrediction - INFO - Configuration file loaded
2025-11-06 10:09:44,800 - SteelRebarPricePrediction - INFO - API_KEY: DeAcero Request made during the last hour: 0
2025-11-06 10:09:47,079 - SteelRebarPricePrediction - INFO - API_KEY: DeAcero Request made during the last hour: 1
2025-11-06 10:09:48,655 - SteelRebarPricePrediction - INFO - API_KEY: DeAcero Request made during the last hour: 2
2025-11-06 10:09:58,670 - SteelRebarPricePrediction - INFO - API_KEY: DeAcero Request made during the last hour: 3
2025-11-06 10:10:22,903 - SteelRebarPricePrediction - INFO - Invalid API_KEY: DeAcer
2025-11-06 10:10:31,731 - SteelRebarPricePrediction - INFO - Invalid API_KEY: DeAcer
2025-11-06 10:10:33,387 - SteelRebarPricePrediction - INFO - Invalid API_KEY: DeAcer
2025-11-06 10:11:11,473 - SteelRebarPricePrediction - INFO - Invalid API_KEY: DeAcer
2025-11-06 10:12:45,639 - SteelRebarPricePrediction - INFO - API_KEY: DeAcero Request made during the last hour: 4
2025-11-06 10:13:01,531 - SteelRebarPricePrediction - INFO - API_KEY: DeAcero Request made during the last hour: 5
2025-11-06 10:13:04,579 - SteelRebarPricePrediction - INFO - API_KEY: DeAcero Request made during the last hour: 6
2025-11-06 10:13:04,769 - SteelRebarPricePrediction - INFO - API_KEY: DeAcero Request made during the last hour: 7
2025-11-06 10:13:04,959 - SteelRebarPricePrediction - INFO - API_KEY: DeAcero Request made during the last hour: 8
2025-11-06 10:13:05,121 - SteelRebarPricePrediction - INFO - API_KEY: DeAcero Request made during the last hour: 9
2025-11-06 10:13:05,278 - SteelRebarPricePrediction - INFO - API_KEY: DeAcero Request made during the last hour: 10
2025-11-06 10:13:05,462 - SteelRebarPricePrediction - INFO - API_KEY: DeAcero Request made during the last hour: 11
2025-11-06 10:13:05,644 - SteelRebarPricePrediction - INFO - API_KEY: DeAcero Request made during the last hour: 12
2025-11-06 10:13:06,004 - SteelRebarPricePrediction - INFO - API_KEY: DeAcero Request made during the last hour: 13
2025-11-06 10:13:06,178 - SteelRebarPricePrediction - INFO - API_KEY: DeAcero Request made during the last hour: 14
2025-11-06 10:13:06,362 - SteelRebarPricePrediction - INFO - API_KEY: DeAcero Request made during the last hour: 15
2025-11-06 10:13:06,567 - SteelRebarPricePrediction - INFO - API_KEY: DeAcero Request made during the last hour: 16
2025-11-06 10:13:06,722 - SteelRebarPricePrediction - INFO - API_KEY: DeAcero Request made during the last hour: 17
2025-11-06 10:13:06,908 - SteelRebarPricePrediction - INFO - API_KEY: DeAcero Request made during the last hour: 18
2025-11-06 10:13:07,091 - SteelRebarPricePrediction - INFO - API_KEY: DeAcero Request made during the last hour: 19
2025-11-06 10:13:07,282 - SteelRebarPricePrediction - INFO - API_KEY: DeAcero Request made during the last hour: 20
2025-11-06 10:13:07,457 - SteelRebarPricePrediction - INFO - API_KEY: DeAcero Request made during the last hour: 21
2025-11-06 10:13:07,650 - SteelRebarPricePrediction - INFO - API_KEY: DeAcero Request made during the last hour: 22
2025-11-06 10:13:07,837 - SteelRebarPricePrediction - INFO - API_KEY: DeAcero Request made during the last hour: 23
2025-11-06 10:13:08,037 - SteelRebarPricePrediction - INFO - API_KEY: DeAcero Request made during the last hour: 24
2025-11-06 10:13:08,230 - SteelRebarPricePrediction - INFO - API_KEY: DeAcero Request made during the last hour: 25
2025-11-06 10:13:08,431 - SteelRebarPricePrediction - INFO - API_KEY: DeAcero Request made during the last hour: 26
2025-11-06 10:13:08,632 - SteelRebarPricePrediction - INFO - API_KEY: DeAcero Request made during the last hour: 27
2025-11-06 10:13:08,826 - SteelRebarPricePrediction - INFO - API_KEY: DeAcero Request made during the last hour: 28
2025-11-06 10:13:09,026 - SteelRebarPricePrediction - INFO - API_KEY: DeAcero Request made during the last hour: 29
2025-11-06 10:13:09,216 - SteelRebarPricePrediction - INFO - API_KEY: DeAcero Request made during the last hour: 30
2025-11-06 10:13:09,416 - SteelRebarPricePrediction - INFO - API_KEY: DeAcero Request made during the last hour: 31
2025-11-06 10:13:09,620 - SteelRebarPricePrediction - INFO - API_KEY: DeAcero Request made during the last hour: 32
2025-11-06 10:13:09,824 - SteelRebarPricePrediction - INFO - API_KEY: DeAcero Request made during the last hour: 33
2025-11-06 10:13:10,023 - SteelRebarPricePrediction - INFO - API_KEY: DeAcero Request made during the last hour: 34
2025-11-06 10:13:10,222 - SteelRebarPricePrediction - INFO - API_KEY: DeAcero Request made during the last hour: 35
2025-11-06 10:13:10,434 - SteelRebarPricePrediction - INFO - API_KEY: DeAcero Request made during the last hour: 36
2025-11-06 10:13:10,638 - SteelRebarPricePrediction - INFO - API_KEY: DeAcero Request made during the last hour: 37
2025-11-06 10:13:10,849 - SteelRebarPricePrediction - INFO - API_KEY: DeAcero Request made during the last hour: 38
2025-11-06 10:13:11,067 - SteelRebarPricePrediction - INFO - API_KEY: DeAcero Request made during the last hour: 39
2025-11-06 10:13:11,279 - SteelRebarPricePrediction - INFO - API_KEY: DeAcero Request made during the last hour: 40
2025-11-06 10:13:11,470 - SteelRebarPricePrediction - INFO - API_KEY: DeAcero Request made during the last hour: 41
2025-11-06 10:13:11,674 - SteelRebarPricePrediction - INFO - API_KEY: DeAcero Request made during the last hour: 42
2025-11-06 10:13:11,889 - SteelRebarPricePrediction - INFO - API_KEY: DeAcero Request made during the last hour: 43
2025-11-06 10:13:12,105 - SteelRebarPricePrediction - INFO - API_KEY: DeAcero Request made during the last hour: 44
2025-11-06 10:13:12,300 - SteelRebarPricePrediction - INFO - API_KEY: DeAcero Request made during the last hour: 45
2025-11-06 10:13:12,508 - SteelRebarPricePrediction - INFO - API_KEY: DeAcero Request made during the last hour: 46
2025-11-06 10:13:12,897 - SteelRebarPricePrediction - INFO - API_KEY: DeAcero Request made during the last hour: 47
2025-11-06 10:13:13,089 - SteelRebarPricePrediction - INFO - API_KEY: DeAcero Request made during the last hour: 48
2025-11-06 10:13:13,305 - SteelRebarPricePrediction - INFO - API_KEY: DeAcero Request made during the last hour: 49
2025-11-06 10:13:13,505 - SteelRebarPricePrediction - INFO - API_KEY: DeAcero Request made during the last hour: 50
2025-11-06 10:13:13,730 - SteelRebarPricePrediction - INFO - API_KEY: DeAcero Request made during the last hour: 51
2025-11-06 10:13:13,932 - SteelRebarPricePrediction - INFO - API_KEY: DeAcero Request made during the last hour: 52
2025-11-06 10:13:14,153 - SteelRebarPricePrediction - INFO - API_KEY: DeAcero Request made during the last hour: 53
2025-11-06 10:13:14,362 - SteelRebarPricePrediction - INFO - API_KEY: DeAcero Request made during the last hour: 54
2025-11-06 10:13:14,572 - SteelRebarPricePrediction - INFO - API_KEY: DeAcero Request made during the last hour: 55
2025-11-06 10:13:14,783 - SteelRebarPricePrediction - INFO - API_KEY: DeAcero Request made during the last hour: 56
2025-11-06 10:13:14,998 - SteelRebarPricePrediction - INFO - API_KEY: DeAcero Request made during the last hour: 57
2025-11-06 10:13:15,214 - SteelRebarPricePrediction - INFO - API_KEY: DeAcero Request made during the last hour: 58
2025-11-06 10:13:15,440 - SteelRebarPricePrediction - INFO - API_KEY: DeAcero Request made during the last hour: 59
2025-11-06 10:13:15,641 - SteelRebarPricePrediction - INFO - API_KEY: DeAcero Request made during the last hour: 60
2025-11-06 10:13:15,855 - SteelRebarPricePrediction - INFO - API_KEY: DeAcero Request made during the last hour: 61
2025-11-06 10:13:16,060 - SteelRebarPricePrediction - INFO - API_KEY: DeAcero Request made during the last hour: 62
2025-11-06 10:13:16,286 - SteelRebarPricePrediction - INFO - API_KEY: DeAcero Request made during the last hour: 63
2025-11-06 10:13:16,502 - SteelRebarPricePrediction - INFO - API_KEY: DeAcero Request made during the last hour: 64
2025-11-06 10:13:16,723 - SteelRebarPricePrediction - INFO - API_KEY: DeAcero Request made during the last hour: 65
2025-11-06 10:13:16,938 - SteelRebarPricePrediction - INFO - API_KEY: DeAcero Request made during the last hour: 66
2025-11-06 10:13:17,148 - SteelRebarPricePrediction - INFO - API_KEY: DeAcero Request made during the last hour: 67
2025-11-06 10:13:17,355 - SteelRebarPricePrediction - INFO - API_KEY: DeAcero Request made during the last hour: 68
2025-11-06 10:13:17,575 - SteelRebarPricePrediction - INFO - API_KEY: DeAcero Request made during the last hour: 69
2025-11-06 10:13:17,800 - SteelRebarPricePrediction - INFO - API_KEY: DeAcero Request made during the last hour: 70
2025-11-06 10:13:17,993 - SteelRebarPricePrediction - INFO - API_KEY: DeAcero Request made during the last hour: 71
2025-11-06 10:13:18,231 - SteelRebarPricePrediction - INFO - API_KEY: DeAcero Request made during the last hour: 72
2025-11-06 10:13:18,461 - SteelRebarPricePrediction - INFO - API_KEY: DeAcero Request made during the last hour: 73
2025-11-06 10:13:18,676 - SteelRebarPricePrediction - INFO - API_KEY: DeAcero Request made during the last hour: 74
2025-11-06 10:13:18,895 - SteelRebarPricePrediction - INFO - API_KEY: DeAcero Request made during the last hour: 75
2025-11-06 10:13:19,115 - SteelRebarPricePrediction - INFO - API_KEY: DeAcero Request made during the last hour: 76
2025-11-06 10:13:19,351 - SteelRebarPricePrediction - INFO - API_KEY: DeAcero Request made during the last hour: 77
2025-11-06 10:13:19,568 - SteelRebarPricePrediction - INFO - API_KEY: DeAcero Request made during the last hour: 78
2025-11-06 10:13:19,790 - SteelRebarPricePrediction - INFO - API_KEY: DeAcero Request made during the last hour: 79
2025-11-06 10:13:19,984 - SteelRebarPricePrediction - INFO - API_KEY: DeAcero Request made during the last hour: 80
2025-11-06 10:13:20,226 - SteelRebarPricePrediction - INFO - API_KEY: DeAcero Request made during the last hour: 81
2025-11-06 10:13:20,462 - SteelRebarPricePrediction - INFO - API_KEY: DeAcero Request made during the last hour: 82
2025-11-06 10:13:20,694 - SteelRebarPricePrediction - INFO - API_KEY: DeAcero Request made during the last hour: 83
2025-11-06 10:13:20,907 - SteelRebarPricePrediction - INFO - API_KEY: DeAcero Request made during the last hour: 84
2025-11-06 10:13:21,124 - SteelRebarPricePrediction - INFO - API_KEY: DeAcero Request made during the last hour: 85
2025-11-06 10:13:21,342 - SteelRebarPricePrediction - INFO - API_KEY: DeAcero Request made during the last hour: 86
2025-11-06 10:13:21,575 - SteelRebarPricePrediction - INFO - API_KEY: DeAcero Request made during the last hour: 87
2025-11-06 10:13:21,787 - SteelRebarPricePrediction - INFO - API_KEY: DeAcero Request made during the last hour: 88
2025-11-06 10:13:22,008 - SteelRebarPricePrediction - INFO - API_KEY: DeAcero Request made during the last hour: 89
2025-11-06 10:13:22,221 - SteelRebarPricePrediction - INFO - API_KEY: DeAcero Request made during the last hour: 90
2025-11-06 10:13:22,443 - SteelRebarPricePrediction - INFO - API_KEY: DeAcero Request made during the last hour: 91
2025-11-06 10:13:22,671 - SteelRebarPricePrediction - INFO - API_KEY: DeAcero Request made during the last hour: 92
2025-11-06 10:13:22,864 - SteelRebarPricePrediction - INFO - API_KEY: DeAcero Request made during the last hour: 93
2025-11-06 10:13:23,103 - SteelRebarPricePrediction - INFO - API_KEY: DeAcero Request made during the last hour: 94
2025-11-06 10:13:23,310 - SteelRebarPricePrediction - INFO - API_KEY: DeAcero Request made during the last hour: 95
2025-11-06 10:13:23,545 - SteelRebarPricePrediction - INFO - API_KEY: DeAcero Request made during the last hour: 96
2025-11-06 10:13:23,766 - SteelRebarPricePrediction - INFO - API_KEY: DeAcero Request made during the last hour: 97
2025-11-06 10:13:23,969 - SteelRebarPricePrediction - INFO - API_KEY: DeAcero Request made during the last hour: 98
2025-11-06 10:13:24,208 - SteelRebarPricePrediction - INFO - API_KEY: DeAcero Request made during the last hour: 99
2025-11-07 11:47:09,207 - SteelRebarPricePrediction - INFO - Configuration file loaded
2025-11-07 15:10:05,241 - SteelRebarPricePrediction - INFO - Configuration file loaded
2025-11-07 15:10:49,746 - SteelRebarPricePrediction - INFO - Configuration file loaded
2025-11-08 09:04:50,213 - SteelRebarPricePrediction - INFO - Configuration file loaded
2025-11-08 09:09:51,250 - SteelRebarPricePrediction - INFO - Configuration file loaded
2025-11-08 09:10:47,767 - SteelRebarPricePrediction - INFO - Configuration file loaded
2025-11-08 17:23:24,016 - SteelRebarPricePrediction - INFO - Configuration file loaded
2025-11-08 17:35:12,053 - SteelRebarPricePrediction - INFO - Configuration file loaded
2025-11-08 17:36:19,736 - SteelRebarPricePrediction - INFO - Configuration file loaded
2025-11-08 17:38:36,456 - SteelRebarPricePrediction - INFO - Configuration file loaded
2025-11-08 17:39:19,967 - SteelRebarPricePrediction - INFO - Configuration file loaded
2025-11-08 17:39:36,431 - SteelRebarPricePrediction - INFO - Historical data file saved C:\Users\miria\OneDrive\Documents\DeAcero\app\data\steel_rebar_inputs.csv
2025-11-08 17:46:38,783 - SteelRebarPricePrediction - INFO - Configuration file loaded
2025-11-08 17:50:14,824 - SteelRebarPricePrediction - INFO - Archivo guardado correctamente en C:\Users\miria\OneDrive\Documents\DeAcero\app\data\steel_rebar_inputs.csv
2025-11-08 17:51:38,386 - SteelRebarPricePrediction - INFO - Configuration file loaded
2025-11-09 09:21:54,267 - SteelRebarPricePrediction - INFO - Configuration file loaded
2025-11-09 09:29:50,454 - SteelRebarPricePrediction - INFO - Configuration file loaded
2025-11-09 09:30:13,356 - SteelRebarPricePrediction - INFO - Downloading hot_rolled_coil data
2025-11-09 09:30:13,856 - SteelRebarPricePrediction - INFO - Downloading iron_ore data
2025-11-09 09:30:14,351 - SteelRebarPricePrediction - INFO - Downloading usd_mxn data
2025-11-09 09:30:14,841 - SteelRebarPricePrediction - INFO - Downloading coal data
2025-11-09 09:41:31,007 - SteelRebarPricePrediction - INFO - Configuration file loaded
2025-11-09 09:41:50,704 - SteelRebarPricePrediction - INFO - Steel rebar data loaded
2025-11-09 09:41:51,959 - SteelRebarPricePrediction - INFO - Downloading hot_rolled_coil data
2025-11-09 09:41:52,511 - SteelRebarPricePrediction - INFO - Downloading iron_ore data
2025-11-09 09:41:53,167 - SteelRebarPricePrediction - INFO - Downloading usd_mxn data
2025-11-09 09:41:53,734 - SteelRebarPricePrediction - INFO - Downloading coal data
2025-11-09 09:41:53,790 - SteelRebarPricePrediction - INFO - Training data correctly saved
2025-11-09 09:55:01,086 - SteelRebarPricePrediction - INFO - Configuration file loaded
2025-11-09 09:55:08,753 - SteelRebarPricePrediction - INFO - Steel rebar data loaded
2025-11-09 09:55:09,984 - SteelRebarPricePrediction - INFO - Downloading hot_rolled_coil data
2025-11-09 09:55:10,449 - SteelRebarPricePrediction - INFO - Downloading iron_ore data
2025-11-09 09:55:11,122 - SteelRebarPricePrediction - INFO - Downloading usd_mxn data
2025-11-09 09:55:11,569 - SteelRebarPricePrediction - INFO - Downloading coal data
2025-11-09 09:55:11,613 - SteelRebarPricePrediction - INFO - Training data correctly saved
2025-11-09 09:58:10,828 - SteelRebarPricePrediction - INFO - Configuration file loaded
2025-11-09 09:58:25,167 - SteelRebarPricePrediction - INFO - Steel rebar data loaded
2025-11-09 09:58:26,769 - SteelRebarPricePrediction - INFO - Downloading hot_rolled_coil data
2025-11-09 09:58:27,493 - SteelRebarPricePrediction - INFO - Downloading iron_ore data
2025-11-09 09:58:28,050 - SteelRebarPricePrediction - INFO - Downloading usd_mxn data
2025-11-09 09:58:28,588 - SteelRebarPricePrediction - INFO - Downloading coal data
2025-11-09 09:58:28,666 - SteelRebarPricePrediction - INFO - Training data correctly saved
2025-11-09 10:02:22,711 - SteelRebarPricePrediction - INFO - Configuration file loaded
2025-11-09 10:02:29,861 - SteelRebarPricePrediction - INFO - Steel rebar data loaded
2025-11-09 10:02:31,059 - SteelRebarPricePrediction - INFO - Downloading hot_rolled_coil data
2025-11-09 10:02:31,577 - SteelRebarPricePrediction - INFO - Downloading iron_ore data
2025-11-09 10:02:32,267 - SteelRebarPricePrediction - INFO - Downloading usd_mxn data
2025-11-09 10:02:32,872 - SteelRebarPricePrediction - INFO - Downloading coal data
2025-11-09 10:02:32,955 - SteelRebarPricePrediction - INFO - Training data correctly saved
2025-11-09 10:03:04,382 - SteelRebarPricePrediction - INFO - Configuration file loaded
2025-11-09 10:03:16,722 - SteelRebarPricePrediction - INFO - Steel rebar data loaded
2025-11-09 10:03:17,956 - SteelRebarPricePrediction - INFO - Downloading hot_rolled_coil data
2025-11-09 10:03:18,714 - SteelRebarPricePrediction - INFO - Downloading iron_ore data
2025-11-09 10:03:19,331 - SteelRebarPricePrediction - INFO - Downloading usd_mxn data
2025-11-09 10:03:19,678 - SteelRebarPricePrediction - INFO - Downloading coal data
2025-11-09 10:03:19,716 - SteelRebarPricePrediction - INFO - Training data correctly saved
2025-11-09 10:03:20,226 - SteelRebarPricePrediction - INFO - RandomForest model correctly saved as steel_rebar_model_v2.pkl
2025-11-09 10:05:07,954 - SteelRebarPricePrediction - INFO - Configuration file loaded
2025-11-09 10:05:13,500 - SteelRebarPricePrediction - INFO - Steel rebar data loaded
2025-11-09 10:05:14,621 - SteelRebarPricePrediction - INFO - Downloading hot_rolled_coil data
2025-11-09 10:05:15,032 - SteelRebarPricePrediction - INFO - Downloading iron_ore data
2025-11-09 10:05:15,596 - SteelRebarPricePrediction - INFO - Downloading usd_mxn data
2025-11-09 10:05:15,995 - SteelRebarPricePrediction - INFO - Downloading coal data
2025-11-09 10:05:16,033 - SteelRebarPricePrediction - INFO - Training data correctly saved
2025-11-09 10:05:16,566 - SteelRebarPricePrediction - INFO - RandomForest model correctly saved as steel_rebar_model_v2.pkl
2025-11-09 11:01:42,977 - SteelRebarPricePrediction - INFO - Configuration file loaded
2025-11-09 11:01:51,099 - SteelRebarPricePrediction - INFO - Steel rebar data loaded
2025-11-09 11:01:52,419 - SteelRebarPricePrediction - INFO - Downloading hot_rolled_coil data
2025-11-09 11:01:52,916 - SteelRebarPricePrediction - INFO - Downloading iron_ore data
2025-11-09 11:01:53,445 - SteelRebarPricePrediction - INFO - Downloading usd_mxn data
2025-11-09 11:01:53,925 - SteelRebarPricePrediction - INFO - Downloading coal data
2025-11-09 11:01:53,968 - SteelRebarPricePrediction - INFO - Training data correctly saved
2025-11-09 11:01:54,543 - SteelRebarPricePrediction - INFO - RandomForest model correctly saved as steel_rebar_model_v2.pkl
2025-11-09 11:02:24,053 - SteelRebarPricePrediction - INFO - API_KEY: DeAcero Request made during the last hour: 0
2025-11-09 11:02:26,107 - SteelRebarPricePrediction - INFO - API_KEY: DeAcero Request made during the last hour: 1
2025-11-09 11:07:51,681 - SteelRebarPricePrediction - INFO - API_KEY: DeAcero Request made during the last hour: 2
2025-11-09 11:08:29,215 - SteelRebarPricePrediction - INFO - Configuration file loaded
2025-11-09 11:09:21,278 - SteelRebarPricePrediction - INFO - Configuration file loaded
2025-11-09 11:09:30,550 - SteelRebarPricePrediction - INFO - API_KEY: DeAcero Request made during the last hour: 0
2025-11-09 11:09:36,289 - SteelRebarPricePrediction - INFO - API_KEY: DeAcero Request made during the last hour: 1
2025-11-09 11:10:40,530 - SteelRebarPricePrediction - INFO - Configuration file loaded
2025-11-09 11:10:45,584 - SteelRebarPricePrediction - INFO - Steel rebar data loaded
2025-11-09 11:10:46,784 - SteelRebarPricePrediction - INFO - Downloading hot_rolled_coil data
2025-11-09 11:10:47,311 - SteelRebarPricePrediction - INFO - Downloading iron_ore data
2025-11-09 11:10:47,984 - SteelRebarPricePrediction - INFO - Downloading usd_mxn data
2025-11-09 11:10:48,435 - SteelRebarPricePrediction - INFO - Downloading coal data
2025-11-09 11:10:48,471 - SteelRebarPricePrediction - INFO - Training data correctly saved
2025-11-09 11:10:48,930 - SteelRebarPricePrediction - INFO - MAPE RF: 4.5324
2025-11-09 11:10:48,985 - SteelRebarPricePrediction - INFO - RandomForest model saved at: C:\Users\miria\OneDrive\Documents\DeAcero\app\model\steel_rebar_model_v2.pkl
2025-11-09 11:11:11,118 - SteelRebarPricePrediction - INFO - API_KEY: DeAcero Request made during the last hour: 0
2025-11-09 11:11:11,626 - SteelRebarPricePrediction - INFO - hot_rolled_coil: 879.0000 (último cierre 2025-11-07)
2025-11-09 11:11:11,992 - SteelRebarPricePrediction - INFO - iron_ore: 103.3400 (último cierre 2025-11-07)
2025-11-09 11:11:12,342 - SteelRebarPricePrediction - INFO - usd_mxn: 18.4380 (último cierre 2025-11-09)
2025-11-09 11:11:12,727 - SteelRebarPricePrediction - INFO - coal: 22.9050 (último cierre 2025-11-07)
2025-11-09 11:11:12,740 - SteelRebarPricePrediction - INFO - Resumen de predicción
2025-11-09 11:11:12,740 - SteelRebarPricePrediction - INFO - ---------------------
2025-11-09 11:11:12,741 - SteelRebarPricePrediction - INFO - Último día hábil con features: 2025-11-09
2025-11-09 11:11:12,741 - SteelRebarPricePrediction - INFO - Día de predicción (siguiente hábil): 2025-11-10
2025-11-09 11:11:12,741 - SteelRebarPricePrediction - INFO - Predicción steel rebar (USD/ton): 580.09
2025-11-09 11:11:12,742 - SteelRebarPricePrediction - INFO - JSON: {'prediction_date': '2025-11-10', 'predicted_price_usd_per_ton': 580.09, 'currency': 'USD', 'unit': 'metric ton'}
2025-11-09 11:11:27,345 - SteelRebarPricePrediction - INFO - API_KEY: DeAcero Request made during the last hour: 1
2025-11-09 11:11:27,874 - SteelRebarPricePrediction - INFO - hot_rolled_coil: 879.0000 (último cierre 2025-11-07)
2025-11-09 11:11:28,317 - SteelRebarPricePrediction - INFO - iron_ore: 103.3400 (último cierre 2025-11-07)
2025-11-09 11:11:28,720 - SteelRebarPricePrediction - INFO - usd_mxn: 18.4380 (último cierre 2025-11-09)
2025-11-09 11:11:29,113 - SteelRebarPricePrediction - INFO - coal: 22.9050 (último cierre 2025-11-07)
2025-11-09 11:11:29,133 - SteelRebarPricePrediction - INFO - Resumen de predicción
2025-11-09 11:11:29,133 - SteelRebarPricePrediction - INFO - ---------------------
2025-11-09 11:11:29,134 - SteelRebarPricePrediction - INFO - Último día hábil con features: 2025-11-09
2025-11-09 11:11:29,134 - SteelRebarPricePrediction - INFO - Día de predicción (siguiente hábil): 2025-11-10
2025-11-09 11:11:29,135 - SteelRebarPricePrediction - INFO - Predicción steel rebar (USD/ton): 580.09
2025-11-09 11:11:29,136 - SteelRebarPricePrediction - INFO - JSON: {'prediction_date': '2025-11-10', 'predicted_price_usd_per_ton': 580.09, 'currency': 'USD', 'unit': 'metric ton'}
2025-11-09 11:11:53,587 - SteelRebarPricePrediction - INFO - API_KEY: DeAcero Request made during the last hour: 2
2025-11-09 11:11:54,055 - SteelRebarPricePrediction - INFO - hot_rolled_coil: 879.0000 (último cierre 2025-11-07)
2025-11-09 11:11:54,735 - SteelRebarPricePrediction - INFO - iron_ore: 103.3400 (último cierre 2025-11-07)
2025-11-09 11:11:55,106 - SteelRebarPricePrediction - INFO - usd_mxn: 18.4380 (último cierre 2025-11-09)
2025-11-09 11:11:55,493 - SteelRebarPricePrediction - INFO - coal: 22.9050 (último cierre 2025-11-07)
2025-11-09 11:11:55,514 - SteelRebarPricePrediction - INFO - Resumen de predicción
2025-11-09 11:11:55,515 - SteelRebarPricePrediction - INFO - ---------------------
2025-11-09 11:11:55,515 - SteelRebarPricePrediction - INFO - Último día hábil con features: 2025-11-09
2025-11-09 11:11:55,516 - SteelRebarPricePrediction - INFO - Día de predicción (siguiente hábil): 2025-11-10
2025-11-09 11:11:55,516 - SteelRebarPricePrediction - INFO - Predicción steel rebar (USD/ton): 580.09
2025-11-09 11:11:55,516 - SteelRebarPricePrediction - INFO - JSON: {'prediction_date': '2025-11-10', 'predicted_price_usd_per_ton': 580.09, 'currency': 'USD', 'unit': 'metric ton'}
2025-11-09 11:12:08,692 - SteelRebarPricePrediction - INFO - API_KEY: DeAcero Request made during the last hour: 3
2025-11-09 11:12:09,180 - SteelRebarPricePrediction - INFO - hot_rolled_coil: 879.0000 (último cierre 2025-11-07)
2025-11-09 11:12:09,614 - SteelRebarPricePrediction - INFO - iron_ore: 103.3400 (último cierre 2025-11-07)
2025-11-09 11:12:10,027 - SteelRebarPricePrediction - INFO - usd_mxn: 18.4380 (último cierre 2025-11-09)
2025-11-09 11:12:10,412 - SteelRebarPricePrediction - INFO - coal: 22.9050 (último cierre 2025-11-07)
2025-11-09 11:12:10,428 - SteelRebarPricePrediction - INFO - Resumen de predicción
2025-11-09 11:12:10,428 - SteelRebarPricePrediction - INFO - ---------------------
2025-11-09 11:12:10,429 - SteelRebarPricePrediction - INFO - Último día hábil con features: 2025-11-09
2025-11-09 11:12:10,429 - SteelRebarPricePrediction - INFO - Día de predicción (siguiente hábil): 2025-11-10
2025-11-09 11:12:10,429 - SteelRebarPricePrediction - INFO - Predicción steel rebar (USD/ton): 580.09
2025-11-09 11:12:10,430 - SteelRebarPricePrediction - INFO - JSON: {'prediction_date': '2025-11-10', 'predicted_price_usd_per_ton': 580.09, 'currency': 'USD', 'unit': 'metric ton'}
2025-11-09 11:12:14,492 - SteelRebarPricePrediction - INFO - API_KEY: DeAcero Request made during the last hour: 4
2025-11-09 11:12:15,057 - SteelRebarPricePrediction - INFO - hot_rolled_coil: 879.0000 (último cierre 2025-11-07)
2025-11-09 11:12:15,444 - SteelRebarPricePrediction - INFO - iron_ore: 103.3400 (último cierre 2025-11-07)
2025-11-09 11:12:15,836 - SteelRebarPricePrediction - INFO - usd_mxn: 18.4380 (último cierre 2025-11-09)
2025-11-09 11:12:16,063 - SteelRebarPricePrediction - INFO - coal: 22.9050 (último cierre 2025-11-07)
2025-11-09 11:12:16,085 - SteelRebarPricePrediction - INFO - Resumen de predicción
2025-11-09 11:12:16,086 - SteelRebarPricePrediction - INFO - ---------------------
2025-11-09 11:12:16,087 - SteelRebarPricePrediction - INFO - Último día hábil con features: 2025-11-09
2025-11-09 11:12:16,087 - SteelRebarPricePrediction - INFO - Día de predicción (siguiente hábil): 2025-11-10
2025-11-09 11:12:16,088 - SteelRebarPricePrediction - INFO - Predicción steel rebar (USD/ton): 580.09
2025-11-09 11:12:16,088 - SteelRebarPricePrediction - INFO - JSON: {'prediction_date': '2025-11-10', 'predicted_price_usd_per_ton': 580.09, 'currency': 'USD', 'unit': 'metric ton'}
2025-11-09 11:12:16,778 - SteelRebarPricePrediction - INFO - API_KEY: DeAcero Request made during the last hour: 5
2025-11-09 11:12:17,226 - SteelRebarPricePrediction - INFO - hot_rolled_coil: 879.0000 (último cierre 2025-11-07)
2025-11-09 11:12:17,472 - SteelRebarPricePrediction - INFO - iron_ore: 103.3400 (último cierre 2025-11-07)
2025-11-09 11:12:17,832 - SteelRebarPricePrediction - INFO - usd_mxn: 18.4380 (último cierre 2025-11-09)
2025-11-09 11:12:18,222 - SteelRebarPricePrediction - INFO - coal: 22.9050 (último cierre 2025-11-07)
2025-11-09 11:12:18,242 - SteelRebarPricePrediction - INFO - Resumen de predicción
2025-11-09 11:12:18,242 - SteelRebarPricePrediction - INFO - ---------------------
2025-11-09 11:12:18,243 - SteelRebarPricePrediction - INFO - Último día hábil con features: 2025-11-09
2025-11-09 11:12:18,243 - SteelRebarPricePrediction - INFO - Día de predicción (siguiente hábil): 2025-11-10
2025-11-09 11:12:18,244 - SteelRebarPricePrediction - INFO - Predicción steel rebar (USD/ton): 580.09
2025-11-09 11:12:18,244 - SteelRebarPricePrediction - INFO - JSON: {'prediction_date': '2025-11-10', 'predicted_price_usd_per_ton': 580.09, 'currency': 'USD', 'unit': 'metric ton'}
2025-11-09 11:12:28,490 - SteelRebarPricePrediction - INFO - API_KEY: DeAcero Request made during the last hour: 6
2025-11-09 11:12:28,958 - SteelRebarPricePrediction - INFO - hot_rolled_coil: 879.0000 (último cierre 2025-11-07)
2025-11-09 11:12:29,427 - SteelRebarPricePrediction - INFO - iron_ore: 103.3400 (último cierre 2025-11-07)
2025-11-09 11:12:29,812 - SteelRebarPricePrediction - INFO - usd_mxn: 18.4380 (último cierre 2025-11-09)
2025-11-09 11:12:30,237 - SteelRebarPricePrediction - INFO - coal: 22.9050 (último cierre 2025-11-07)
2025-11-09 11:12:30,272 - SteelRebarPricePrediction - INFO - Resumen de predicción
2025-11-09 11:12:30,273 - SteelRebarPricePrediction - INFO - ---------------------
2025-11-09 11:12:30,273 - SteelRebarPricePrediction - INFO - Último día hábil con features: 2025-11-09
2025-11-09 11:12:30,274 - SteelRebarPricePrediction - INFO - Día de predicción (siguiente hábil): 2025-11-10
2025-11-09 11:12:30,275 - SteelRebarPricePrediction - INFO - Predicción steel rebar (USD/ton): 580.09
2025-11-09 11:12:30,275 - SteelRebarPricePrediction - INFO - JSON: {'prediction_date': '2025-11-10', 'predicted_price_usd_per_ton': 580.09, 'currency': 'USD', 'unit': 'metric ton'}
2025-11-09 11:12:51,811 - SteelRebarPricePrediction - INFO - API_KEY: DeAcero Request made during the last hour: 7
2025-11-09 11:12:52,255 - SteelRebarPricePrediction - INFO - hot_rolled_coil: 879.0000 (último cierre 2025-11-07)
2025-11-09 11:12:52,644 - SteelRebarPricePrediction - INFO - iron_ore: 103.3400 (último cierre 2025-11-07)
2025-11-09 11:12:53,015 - SteelRebarPricePrediction - INFO - usd_mxn: 18.4380 (último cierre 2025-11-09)
2025-11-09 11:12:53,398 - SteelRebarPricePrediction - INFO - coal: 22.9050 (último cierre 2025-11-07)
2025-11-09 11:12:53,430 - SteelRebarPricePrediction - INFO - Resumen de predicción
2025-11-09 11:12:53,430 - SteelRebarPricePrediction - INFO - ---------------------
2025-11-09 11:12:53,431 - SteelRebarPricePrediction - INFO - Último día hábil con features: 2025-11-09
2025-11-09 11:12:53,431 - SteelRebarPricePrediction - INFO - Día de predicción (siguiente hábil): 2025-11-10
2025-11-09 11:12:53,432 - SteelRebarPricePrediction - INFO - Predicción steel rebar (USD/ton): 580.09
2025-11-09 11:12:53,433 - SteelRebarPricePrediction - INFO - JSON: {'prediction_date': '2025-11-10', 'predicted_price_usd_per_ton': 580.09, 'currency': 'USD', 'unit': 'metric ton'}
2025-11-09 11:12:57,313 - SteelRebarPricePrediction - INFO - API_KEY: DeAcero Request made during the last hour: 8
2025-11-09 11:12:57,789 - SteelRebarPricePrediction - INFO - hot_rolled_coil: 879.0000 (último cierre 2025-11-07)
2025-11-09 11:12:58,187 - SteelRebarPricePrediction - INFO - iron_ore: 103.3400 (último cierre 2025-11-07)
2025-11-09 11:12:58,577 - SteelRebarPricePrediction - INFO - usd_mxn: 18.4380 (último cierre 2025-11-09)
2025-11-09 11:12:59,012 - SteelRebarPricePrediction - INFO - coal: 22.9050 (último cierre 2025-11-07)
2025-11-09 11:12:59,047 - SteelRebarPricePrediction - INFO - Resumen de predicción
2025-11-09 11:12:59,047 - SteelRebarPricePrediction - INFO - ---------------------
2025-11-09 11:12:59,048 - SteelRebarPricePrediction - INFO - Último día hábil con features: 2025-11-09
2025-11-09 11:12:59,048 - SteelRebarPricePrediction - INFO - Día de predicción (siguiente hábil): 2025-11-10
2025-11-09 11:12:59,049 - SteelRebarPricePrediction - INFO - Predicción steel rebar (USD/ton): 580.09
2025-11-09 11:12:59,049 - SteelRebarPricePrediction - INFO - JSON: {'prediction_date': '2025-11-10', 'predicted_price_usd_per_ton': 580.09, 'currency': 'USD', 'unit': 'metric ton'}
2025-11-09 11:13:02,017 - SteelRebarPricePrediction - INFO - API_KEY: DeAcero Request made during the last hour: 9
2025-11-09 11:13:02,496 - SteelRebarPricePrediction - INFO - hot_rolled_coil: 879.0000 (último cierre 2025-11-07)
2025-11-09 11:13:02,782 - SteelRebarPricePrediction - INFO - iron_ore: 103.3400 (último cierre 2025-11-07)
2025-11-09 11:13:03,189 - SteelRebarPricePrediction - INFO - usd_mxn: 18.4380 (último cierre 2025-11-09)
2025-11-09 11:13:03,563 - SteelRebarPricePrediction - INFO - coal: 22.9050 (último cierre 2025-11-07)
2025-11-09 11:13:03,590 - SteelRebarPricePrediction - INFO - Resumen de predicción
2025-11-09 11:13:03,591 - SteelRebarPricePrediction - INFO - ---------------------
2025-11-09 11:13:03,591 - SteelRebarPricePrediction - INFO - Último día hábil con features: 2025-11-09
2025-11-09 11:13:03,592 - SteelRebarPricePrediction - INFO - Día de predicción (siguiente hábil): 2025-11-10
2025-11-09 11:13:03,593 - SteelRebarPricePrediction - INFO - Predicción steel rebar (USD/ton): 580.09
2025-11-09 11:13:03,593 - SteelRebarPricePrediction - INFO - JSON: {'prediction_date': '2025-11-10', 'predicted_price_usd_per_ton': 580.09, 'currency': 'USD', 'unit': 'metric ton'}
2025-11-09 11:16:23,302 - SteelRebarPricePrediction - INFO - Configuration file loaded
2025-11-09 11:49:12,083 - SteelRebarPricePrediction - INFO - Configuration file loaded
2025-11-09 11:49:52,969 - SteelRebarPricePrediction - INFO - Configuration file loaded
2025-11-09 11:50:15,299 - SteelRebarPricePrediction - INFO - API_KEY: DeAcero Request made during the last hour: 0
2025-11-09 11:50:18,368 - SteelRebarPricePrediction - INFO - hot_rolled_coil: 879.0000 (último cierre 2025-11-07)
2025-11-09 11:50:18,803 - SteelRebarPricePrediction - INFO - iron_ore: 103.3400 (último cierre 2025-11-07)
2025-11-09 11:50:19,255 - SteelRebarPricePrediction - INFO - usd_mxn: 18.4380 (último cierre 2025-11-09)
2025-11-09 11:50:19,651 - SteelRebarPricePrediction - INFO - coal: 22.9050 (último cierre 2025-11-07)
2025-11-09 11:50:19,683 - SteelRebarPricePrediction - INFO - Resumen de predicción
2025-11-09 11:50:19,684 - SteelRebarPricePrediction - INFO - ---------------------
2025-11-09 11:50:19,684 - SteelRebarPricePrediction - INFO - Último día hábil con features: 2025-11-09
2025-11-09 11:50:19,685 - SteelRebarPricePrediction - INFO - Día de predicción (siguiente hábil): 2025-11-10
2025-11-09 11:50:19,686 - SteelRebarPricePrediction - INFO - Predicción steel rebar (USD/ton): 580.09
2025-11-09 11:50:34,200 - SteelRebarPricePrediction - INFO - JSON: prediction_date=datetime.date(2025, 11, 10) predicted_price_usd_per_ton=580.09 currency='USD' unit='metric ton' model_confidence=0.95 timestamp=datetime.datetime(2025, 11, 9, 17, 50, 34, 200233, tzinfo=datetime.timezone.utc)
2025-11-09 12:01:48,149 - SteelRebarPricePrediction - INFO - Configuration file loaded
2025-11-09 12:02:29,357 - SteelRebarPricePrediction - INFO - API_KEY: DeAcero Request made during the last hour: 0
2025-11-09 12:02:29,357 - SteelRebarPricePrediction - INFO - Cache expired, recaclculate prediction...
2025-11-09 12:02:30,569 - SteelRebarPricePrediction - INFO - hot_rolled_coil: 879.0000 (último cierre 2025-11-07)
2025-11-09 12:02:31,005 - SteelRebarPricePrediction - INFO - iron_ore: 103.3400 (último cierre 2025-11-07)
2025-11-09 12:02:31,440 - SteelRebarPricePrediction - INFO - usd_mxn: 18.4450 (último cierre 2025-11-09)
2025-11-09 12:02:31,887 - SteelRebarPricePrediction - INFO - coal: 22.9050 (último cierre 2025-11-07)
2025-11-09 12:02:31,917 - SteelRebarPricePrediction - INFO - Recalculated prediction, saving on cache.
2025-11-09 12:02:31,917 - SteelRebarPricePrediction - INFO - JSON: prediction_date=datetime.date(2025, 11, 10) predicted_price_usd_per_ton=580.11 currency='USD' unit='metric ton' model_confidence=0.95 timestamp=datetime.datetime(2025, 11, 9, 18, 2, 31, 917006, tzinfo=datetime.timezone.utc)
2025-11-09 12:02:39,638 - SteelRebarPricePrediction - INFO - API_KEY: DeAcero Request made during the last hour: 1
2025-11-09 12:02:39,638 - SteelRebarPricePrediction - INFO -  Using prediccionn saved on cache (last updated  0.2 minutes)
2025-11-09 12:02:40,477 - SteelRebarPricePrediction - INFO - API_KEY: DeAcero Request made during the last hour: 2
2025-11-09 12:02:40,482 - SteelRebarPricePrediction - INFO -  Using prediccionn saved on cache (last updated  0.2 minutes)
2025-11-09 12:02:41,154 - SteelRebarPricePrediction - INFO - API_KEY: DeAcero Request made during the last hour: 3
2025-11-09 12:02:41,155 - SteelRebarPricePrediction - INFO -  Using prediccionn saved on cache (last updated  0.2 minutes)
2025-11-09 12:02:41,667 - SteelRebarPricePrediction - INFO - API_KEY: DeAcero Request made during the last hour: 4
2025-11-09 12:02:41,667 - SteelRebarPricePrediction - INFO -  Using prediccionn saved on cache (last updated  0.2 minutes)
2025-11-09 12:02:42,195 - SteelRebarPricePrediction - INFO - API_KEY: DeAcero Request made during the last hour: 5
2025-11-09 12:02:42,196 - SteelRebarPricePrediction - INFO -  Using prediccionn saved on cache (last updated  0.2 minutes)
2025-11-09 12:02:43,035 - SteelRebarPricePrediction - INFO - API_KEY: DeAcero Request made during the last hour: 6
2025-11-09 12:02:43,035 - SteelRebarPricePrediction - INFO -  Using prediccionn saved on cache (last updated  0.2 minutes)
2025-11-09 12:02:43,637 - SteelRebarPricePrediction - INFO - API_KEY: DeAcero Request made during the last hour: 7
2025-11-09 12:02:43,638 - SteelRebarPricePrediction - INFO -  Using prediccionn saved on cache (last updated  0.2 minutes)
2025-11-09 12:02:54,482 - SteelRebarPricePrediction - INFO - API_KEY: DeAcero Request made during the last hour: 8
2025-11-09 12:02:54,482 - SteelRebarPricePrediction - INFO -  Using prediccionn saved on cache (last updated  0.4 minutes)
2025-11-09 12:02:55,905 - SteelRebarPricePrediction - INFO - API_KEY: DeAcero Request made during the last hour: 9
2025-11-09 12:02:55,906 - SteelRebarPricePrediction - INFO -  Using prediccionn saved on cache (last updated  0.4 minutes)
2025-11-09 12:02:57,762 - SteelRebarPricePrediction - INFO - API_KEY: DeAcero Request made during the last hour: 10
2025-11-09 12:02:57,762 - SteelRebarPricePrediction - INFO -  Using prediccionn saved on cache (last updated  0.5 minutes)
2025-11-09 12:12:05,045 - SteelRebarPricePrediction - INFO - Configuration file loaded
2025-11-09 12:12:18,005 - SteelRebarPricePrediction - INFO - API_KEY: DeAcero Request made during the last hour: 0
2025-11-09 12:12:18,006 - SteelRebarPricePrediction - INFO - Cache expired, recaclculate prediction...
2025-11-09 12:12:43,990 - SteelRebarPricePrediction - INFO - API_KEY: DeAcero Request made during the last hour: 1
2025-11-09 12:12:43,993 - SteelRebarPricePrediction - INFO - Cache expired, recaclculate prediction...
2025-11-09 12:15:04,505 - SteelRebarPricePrediction - INFO - Configuration file loaded
2025-11-09 12:15:10,653 - SteelRebarPricePrediction - INFO - Steel rebar data loaded
2025-11-09 12:15:12,053 - SteelRebarPricePrediction - INFO - Downloading hot_rolled_coil data
2025-11-09 12:15:12,567 - SteelRebarPricePrediction - INFO - Downloading iron_ore data
2025-11-09 12:15:13,177 - SteelRebarPricePrediction - INFO - Downloading usd_mxn data
2025-11-09 12:15:13,598 - SteelRebarPricePrediction - INFO - Downloading coal data
2025-11-09 12:15:13,640 - SteelRebarPricePrediction - INFO - Training data correctly saved
2025-11-09 12:15:14,056 - SteelRebarPricePrediction - INFO - MAE RF: 24.7985
2025-11-09 12:15:14,057 - SteelRebarPricePrediction - INFO - MAPE RF: 4.53%
2025-11-09 12:15:14,057 - SteelRebarPricePrediction - INFO - R2 RF: -2.9733
2025-11-09 12:15:14,107 - SteelRebarPricePrediction - INFO - RandomForest model saved at: C:\Users\miria\OneDrive\Documents\DeAcero\app\model\steel_rebar_model_v2.pkl
2025-11-09 12:15:24,646 - SteelRebarPricePrediction - INFO - API_KEY: DeAcero Request made during the last hour: 0
2025-11-09 12:15:24,647 - SteelRebarPricePrediction - INFO - Cache expired, recaclculate prediction...
2025-11-09 12:15:43,807 - SteelRebarPricePrediction - INFO - hot_rolled_coil: 879.0000 (último cierre 2025-11-07)
2025-11-09 12:15:44,176 - SteelRebarPricePrediction - INFO - iron_ore: 103.3400 (último cierre 2025-11-07)
2025-11-09 12:15:44,525 - SteelRebarPricePrediction - INFO - usd_mxn: 18.4525 (último cierre 2025-11-09)
2025-11-09 12:15:44,919 - SteelRebarPricePrediction - INFO - coal: 22.9050 (último cierre 2025-11-07)
2025-11-09 12:15:44,930 - SteelRebarPricePrediction - INFO - Recalculated prediction, saving on cache.
2025-11-09 12:15:44,931 - SteelRebarPricePrediction - INFO - JSON: prediction_date=datetime.date(2025, 11, 10) predicted_price_usd_per_ton=580.1 currency='USD' unit='metric ton' model_confidence=0.95 timestamp=datetime.datetime(2025, 11, 9, 18, 15, 44, 930740, tzinfo=datetime.timezone.utc)
2025-11-09 12:16:12,614 - SteelRebarPricePrediction - INFO - Configuration file loaded
2025-11-09 12:16:21,773 - SteelRebarPricePrediction - INFO - API_KEY: DeAcero Request made during the last hour: 0
2025-11-09 12:16:21,774 - SteelRebarPricePrediction - INFO - Cache expired, recaclculate prediction...
2025-11-09 12:16:23,028 - SteelRebarPricePrediction - INFO - hot_rolled_coil: 879.0000 (último cierre 2025-11-07)
2025-11-09 12:16:23,452 - SteelRebarPricePrediction - INFO - iron_ore: 103.3400 (último cierre 2025-11-07)
2025-11-09 12:16:23,824 - SteelRebarPricePrediction - INFO - usd_mxn: 18.4525 (último cierre 2025-11-09)
2025-11-09 12:16:24,196 - SteelRebarPricePrediction - INFO - coal: 22.9050 (último cierre 2025-11-07)
2025-11-09 12:16:24,208 - SteelRebarPricePrediction - INFO - Recalculated prediction, saving on cache.
2025-11-09 12:16:24,208 - SteelRebarPricePrediction - INFO - JSON: prediction_date=datetime.date(2025, 11, 10) predicted_price_usd_per_ton=580.1 currency='USD' unit='metric ton' model_confidence=0.95 timestamp=datetime.datetime(2025, 11, 9, 18, 16, 24, 208034, tzinfo=datetime.timezone.utc)
2025-11-09 12:23:16,323 - SteelRebarPricePrediction - INFO - Configuration file loaded
2025-11-09 12:23:47,115 - SteelRebarPricePrediction - INFO - API_KEY: DeAcero Request made during the last hour: 0
2025-11-09 12:23:47,115 - SteelRebarPricePrediction - INFO - Cache expired, recaclculate prediction...
2025-11-09 12:23:48,348 - SteelRebarPricePrediction - INFO - hot_rolled_coil: 879.0000 (último cierre 2025-11-07)
2025-11-09 12:23:48,758 - SteelRebarPricePrediction - INFO - iron_ore: 103.3400 (último cierre 2025-11-07)
2025-11-09 12:23:49,179 - SteelRebarPricePrediction - INFO - usd_mxn: 18.4525 (último cierre 2025-11-09)
2025-11-09 12:23:49,530 - SteelRebarPricePrediction - INFO - coal: 22.9050 (último cierre 2025-11-07)
2025-11-09 12:23:49,543 - SteelRebarPricePrediction - INFO - Recalculated prediction, saving on cache.
2025-11-09 12:23:49,543 - SteelRebarPricePrediction - INFO - JSON: prediction_date=datetime.date(2025, 11, 10) predicted_price_usd_per_ton=580.1 currency='USD' unit='metric ton' model_confidence=0.95 timestamp=datetime.datetime(2025, 11, 9, 18, 23, 49, 543240, tzinfo=datetime.timezone.utc)
2025-11-09 12:23:53,580 - SteelRebarPricePrediction - INFO - API_KEY: DeAcero Request made during the last hour: 1
2025-11-09 12:23:53,581 - SteelRebarPricePrediction - INFO -  Using prediccionn saved on cache (last updated  0.1 minutes)
2025-11-09 12:23:54,050 - SteelRebarPricePrediction - INFO - API_KEY: DeAcero Request made during the last hour: 2
2025-11-09 12:23:54,050 - SteelRebarPricePrediction - INFO -  Using prediccionn saved on cache (last updated  0.1 minutes)
2025-11-09 12:23:54,262 - SteelRebarPricePrediction - INFO - API_KEY: DeAcero Request made during the last hour: 3
2025-11-09 12:23:54,262 - SteelRebarPricePrediction - INFO -  Using prediccionn saved on cache (last updated  0.1 minutes)
2025-11-09 12:23:54,429 - SteelRebarPricePrediction - INFO - API_KEY: DeAcero Request made during the last hour: 4
2025-11-09 12:23:54,430 - SteelRebarPricePrediction - INFO -  Using prediccionn saved on cache (last updated  0.1 minutes)
2025-11-09 12:23:54,621 - SteelRebarPricePrediction - INFO - API_KEY: DeAcero Request made during the last hour: 5
2025-11-09 12:23:54,621 - SteelRebarPricePrediction - INFO -  Using prediccionn saved on cache (last updated  0.1 minutes)
2025-11-09 12:23:55,152 - SteelRebarPricePrediction - INFO - API_KEY: DeAcero Request made during the last hour: 6
2025-11-09 12:23:55,152 - SteelRebarPricePrediction - INFO -  Using prediccionn saved on cache (last updated  0.1 minutes)
2025-11-09 12:23:55,378 - SteelRebarPricePrediction - INFO - API_KEY: DeAcero Request made during the last hour: 7
2025-11-09 12:23:55,379 - SteelRebarPricePrediction - INFO -  Using prediccionn saved on cache (last updated  0.1 minutes)
2025-11-09 12:23:55,611 - SteelRebarPricePrediction - INFO - API_KEY: DeAcero Request made during the last hour: 8
2025-11-09 12:23:55,611 - SteelRebarPricePrediction - INFO -  Using prediccionn saved on cache (last updated  0.1 minutes)
2025-11-09 12:23:55,828 - SteelRebarPricePrediction - INFO - API_KEY: DeAcero Request made during the last hour: 9
2025-11-09 12:23:55,828 - SteelRebarPricePrediction - INFO -  Using prediccionn saved on cache (last updated  0.1 minutes)
2025-11-09 12:23:56,061 - SteelRebarPricePrediction - INFO - API_KEY: DeAcero Request made during the last hour: 10
2025-11-09 12:23:56,066 - SteelRebarPricePrediction - INFO -  Using prediccionn saved on cache (last updated  0.1 minutes)
2025-11-09 12:23:56,248 - SteelRebarPricePrediction - INFO - API_KEY: DeAcero Request made during the last hour: 11
2025-11-09 12:23:56,249 - SteelRebarPricePrediction - INFO -  Using prediccionn saved on cache (last updated  0.2 minutes)
2025-11-09 12:23:56,470 - SteelRebarPricePrediction - INFO - API_KEY: DeAcero Request made during the last hour: 12
2025-11-09 12:23:56,470 - SteelRebarPricePrediction - INFO -  Using prediccionn saved on cache (last updated  0.2 minutes)
2025-11-09 12:23:56,713 - SteelRebarPricePrediction - INFO - API_KEY: DeAcero Request made during the last hour: 13
2025-11-09 12:23:56,713 - SteelRebarPricePrediction - INFO -  Using prediccionn saved on cache (last updated  0.2 minutes)
2025-11-09 12:23:56,952 - SteelRebarPricePrediction - INFO - API_KEY: DeAcero Request made during the last hour: 14
2025-11-09 12:23:56,952 - SteelRebarPricePrediction - INFO -  Using prediccionn saved on cache (last updated  0.2 minutes)
2025-11-09 12:23:57,212 - SteelRebarPricePrediction - INFO - API_KEY: DeAcero Request made during the last hour: 15
2025-11-09 12:23:57,212 - SteelRebarPricePrediction - INFO -  Using prediccionn saved on cache (last updated  0.2 minutes)
2025-11-09 12:23:57,446 - SteelRebarPricePrediction - INFO - API_KEY: DeAcero Request made during the last hour: 16
2025-11-09 12:23:57,447 - SteelRebarPricePrediction - INFO -  Using prediccionn saved on cache (last updated  0.2 minutes)
2025-11-09 12:23:57,717 - SteelRebarPricePrediction - INFO - API_KEY: DeAcero Request made during the last hour: 17
2025-11-09 12:23:57,717 - SteelRebarPricePrediction - INFO -  Using prediccionn saved on cache (last updated  0.2 minutes)
2025-11-09 12:23:57,997 - SteelRebarPricePrediction - INFO - API_KEY: DeAcero Request made during the last hour: 18
2025-11-09 12:23:57,998 - SteelRebarPricePrediction - INFO -  Using prediccionn saved on cache (last updated  0.2 minutes)
2025-11-09 12:23:58,439 - SteelRebarPricePrediction - INFO - API_KEY: DeAcero Request made during the last hour: 19
2025-11-09 12:23:58,440 - SteelRebarPricePrediction - INFO -  Using prediccionn saved on cache (last updated  0.2 minutes)
2025-11-09 12:23:58,703 - SteelRebarPricePrediction - INFO - API_KEY: DeAcero Request made during the last hour: 20
2025-11-09 12:23:58,703 - SteelRebarPricePrediction - INFO -  Using prediccionn saved on cache (last updated  0.2 minutes)
2025-11-09 12:23:58,921 - SteelRebarPricePrediction - INFO - API_KEY: DeAcero Request made during the last hour: 21
2025-11-09 12:23:58,921 - SteelRebarPricePrediction - INFO -  Using prediccionn saved on cache (last updated  0.2 minutes)
2025-11-09 12:23:59,134 - SteelRebarPricePrediction - INFO - API_KEY: DeAcero Request made during the last hour: 22
2025-11-09 12:23:59,134 - SteelRebarPricePrediction - INFO -  Using prediccionn saved on cache (last updated  0.2 minutes)
2025-11-09 12:23:59,342 - SteelRebarPricePrediction - INFO - API_KEY: DeAcero Request made during the last hour: 23
2025-11-09 12:23:59,342 - SteelRebarPricePrediction - INFO -  Using prediccionn saved on cache (last updated  0.2 minutes)
2025-11-09 12:23:59,536 - SteelRebarPricePrediction - INFO - API_KEY: DeAcero Request made during the last hour: 24
2025-11-09 12:23:59,536 - SteelRebarPricePrediction - INFO -  Using prediccionn saved on cache (last updated  0.2 minutes)
2025-11-09 12:23:59,754 - SteelRebarPricePrediction - INFO - API_KEY: DeAcero Request made during the last hour: 25
2025-11-09 12:23:59,754 - SteelRebarPricePrediction - INFO -  Using prediccionn saved on cache (last updated  0.2 minutes)
2025-11-09 12:23:59,937 - SteelRebarPricePrediction - INFO - API_KEY: DeAcero Request made during the last hour: 26
2025-11-09 12:23:59,938 - SteelRebarPricePrediction - INFO -  Using prediccionn saved on cache (last updated  0.2 minutes)
2025-11-09 12:24:00,148 - SteelRebarPricePrediction - INFO - API_KEY: DeAcero Request made during the last hour: 27
2025-11-09 12:24:00,148 - SteelRebarPricePrediction - INFO -  Using prediccionn saved on cache (last updated  0.2 minutes)
2025-11-09 12:24:00,370 - SteelRebarPricePrediction - INFO - API_KEY: DeAcero Request made during the last hour: 28
2025-11-09 12:24:00,370 - SteelRebarPricePrediction - INFO -  Using prediccionn saved on cache (last updated  0.2 minutes)
2025-11-09 12:24:00,570 - SteelRebarPricePrediction - INFO - API_KEY: DeAcero Request made during the last hour: 29
2025-11-09 12:24:00,570 - SteelRebarPricePrediction - INFO -  Using prediccionn saved on cache (last updated  0.2 minutes)
2025-11-09 12:24:00,792 - SteelRebarPricePrediction - INFO - API_KEY: DeAcero Request made during the last hour: 30
2025-11-09 12:24:00,793 - SteelRebarPricePrediction - INFO -  Using prediccionn saved on cache (last updated  0.2 minutes)
2025-11-09 12:24:00,998 - SteelRebarPricePrediction - INFO - API_KEY: DeAcero Request made during the last hour: 31
2025-11-09 12:24:00,998 - SteelRebarPricePrediction - INFO -  Using prediccionn saved on cache (last updated  0.2 minutes)
2025-11-09 12:24:01,196 - SteelRebarPricePrediction - INFO - API_KEY: DeAcero Request made during the last hour: 32
2025-11-09 12:24:01,196 - SteelRebarPricePrediction - INFO -  Using prediccionn saved on cache (last updated  0.2 minutes)
2025-11-09 12:24:01,410 - SteelRebarPricePrediction - INFO - API_KEY: DeAcero Request made during the last hour: 33
2025-11-09 12:24:01,410 - SteelRebarPricePrediction - INFO -  Using prediccionn saved on cache (last updated  0.2 minutes)
2025-11-09 12:24:01,640 - SteelRebarPricePrediction - INFO - API_KEY: DeAcero Request made during the last hour: 34
2025-11-09 12:24:01,640 - SteelRebarPricePrediction - INFO -  Using prediccionn saved on cache (last updated  0.2 minutes)
2025-11-09 12:24:01,854 - SteelRebarPricePrediction - INFO - API_KEY: DeAcero Request made during the last hour: 35
2025-11-09 12:24:01,854 - SteelRebarPricePrediction - INFO -  Using prediccionn saved on cache (last updated  0.2 minutes)
2025-11-09 12:24:02,068 - SteelRebarPricePrediction - INFO - API_KEY: DeAcero Request made during the last hour: 36
2025-11-09 12:24:02,068 - SteelRebarPricePrediction - INFO -  Using prediccionn saved on cache (last updated  0.2 minutes)
2025-11-09 12:24:02,275 - SteelRebarPricePrediction - INFO - API_KEY: DeAcero Request made during the last hour: 37
2025-11-09 12:24:02,279 - SteelRebarPricePrediction - INFO -  Using prediccionn saved on cache (last updated  0.3 minutes)
2025-11-09 12:24:02,493 - SteelRebarPricePrediction - INFO - API_KEY: DeAcero Request made during the last hour: 38
2025-11-09 12:24:02,493 - SteelRebarPricePrediction - INFO -  Using prediccionn saved on cache (last updated  0.3 minutes)
2025-11-09 12:24:02,707 - SteelRebarPricePrediction - INFO - API_KEY: DeAcero Request made during the last hour: 39
2025-11-09 12:24:02,707 - SteelRebarPricePrediction - INFO -  Using prediccionn saved on cache (last updated  0.3 minutes)
2025-11-09 12:24:02,927 - SteelRebarPricePrediction - INFO - API_KEY: DeAcero Request made during the last hour: 40
2025-11-09 12:24:02,928 - SteelRebarPricePrediction - INFO -  Using prediccionn saved on cache (last updated  0.3 minutes)
2025-11-09 12:24:03,138 - SteelRebarPricePrediction - INFO - API_KEY: DeAcero Request made during the last hour: 41
2025-11-09 12:24:03,138 - SteelRebarPricePrediction - INFO -  Using prediccionn saved on cache (last updated  0.3 minutes)
2025-11-09 12:24:03,353 - SteelRebarPricePrediction - INFO - API_KEY: DeAcero Request made during the last hour: 42
2025-11-09 12:24:03,354 - SteelRebarPricePrediction - INFO -  Using prediccionn saved on cache (last updated  0.3 minutes)
2025-11-09 12:24:03,568 - SteelRebarPricePrediction - INFO - API_KEY: DeAcero Request made during the last hour: 43
2025-11-09 12:24:03,568 - SteelRebarPricePrediction - INFO -  Using prediccionn saved on cache (last updated  0.3 minutes)
2025-11-09 12:24:03,777 - SteelRebarPricePrediction - INFO - API_KEY: DeAcero Request made during the last hour: 44
2025-11-09 12:24:03,778 - SteelRebarPricePrediction - INFO -  Using prediccionn saved on cache (last updated  0.3 minutes)
2025-11-09 12:24:03,985 - SteelRebarPricePrediction - INFO - API_KEY: DeAcero Request made during the last hour: 45
2025-11-09 12:24:03,986 - SteelRebarPricePrediction - INFO -  Using prediccionn saved on cache (last updated  0.3 minutes)
2025-11-09 12:24:04,196 - SteelRebarPricePrediction - INFO - API_KEY: DeAcero Request made during the last hour: 46
2025-11-09 12:24:04,196 - SteelRebarPricePrediction - INFO -  Using prediccionn saved on cache (last updated  0.3 minutes)
2025-11-09 12:24:04,392 - SteelRebarPricePrediction - INFO - API_KEY: DeAcero Request made during the last hour: 47
2025-11-09 12:24:04,392 - SteelRebarPricePrediction - INFO -  Using prediccionn saved on cache (last updated  0.3 minutes)
2025-11-09 12:24:04,603 - SteelRebarPricePrediction - INFO - API_KEY: DeAcero Request made during the last hour: 48
2025-11-09 12:24:04,603 - SteelRebarPricePrediction - INFO -  Using prediccionn saved on cache (last updated  0.3 minutes)
2025-11-09 12:24:04,815 - SteelRebarPricePrediction - INFO - API_KEY: DeAcero Request made during the last hour: 49
2025-11-09 12:24:04,816 - SteelRebarPricePrediction - INFO -  Using prediccionn saved on cache (last updated  0.3 minutes)
2025-11-09 12:24:05,024 - SteelRebarPricePrediction - INFO - API_KEY: DeAcero Request made during the last hour: 50
2025-11-09 12:24:05,025 - SteelRebarPricePrediction - INFO -  Using prediccionn saved on cache (last updated  0.3 minutes)
2025-11-09 12:24:05,255 - SteelRebarPricePrediction - INFO - API_KEY: DeAcero Request made during the last hour: 51
2025-11-09 12:24:05,255 - SteelRebarPricePrediction - INFO -  Using prediccionn saved on cache (last updated  0.3 minutes)
2025-11-09 12:24:05,482 - SteelRebarPricePrediction - INFO - API_KEY: DeAcero Request made during the last hour: 52
2025-11-09 12:24:05,483 - SteelRebarPricePrediction - INFO -  Using prediccionn saved on cache (last updated  0.3 minutes)
2025-11-09 12:24:05,683 - SteelRebarPricePrediction - INFO - API_KEY: DeAcero Request made during the last hour: 53
2025-11-09 12:24:05,684 - SteelRebarPricePrediction - INFO -  Using prediccionn saved on cache (last updated  0.3 minutes)
2025-11-09 12:24:05,884 - SteelRebarPricePrediction - INFO - API_KEY: DeAcero Request made during the last hour: 54
2025-11-09 12:24:05,884 - SteelRebarPricePrediction - INFO -  Using prediccionn saved on cache (last updated  0.3 minutes)
2025-11-09 12:24:06,105 - SteelRebarPricePrediction - INFO - API_KEY: DeAcero Request made during the last hour: 55
2025-11-09 12:24:06,106 - SteelRebarPricePrediction - INFO -  Using prediccionn saved on cache (last updated  0.3 minutes)
2025-11-09 12:24:06,311 - SteelRebarPricePrediction - INFO - API_KEY: DeAcero Request made during the last hour: 56
2025-11-09 12:24:06,311 - SteelRebarPricePrediction - INFO -  Using prediccionn saved on cache (last updated  0.3 minutes)
2025-11-09 12:24:06,537 - SteelRebarPricePrediction - INFO - API_KEY: DeAcero Request made during the last hour: 57
2025-11-09 12:24:06,538 - SteelRebarPricePrediction - INFO -  Using prediccionn saved on cache (last updated  0.3 minutes)
2025-11-09 12:24:06,753 - SteelRebarPricePrediction - INFO - API_KEY: DeAcero Request made during the last hour: 58
2025-11-09 12:24:06,753 - SteelRebarPricePrediction - INFO -  Using prediccionn saved on cache (last updated  0.3 minutes)
2025-11-09 12:24:06,969 - SteelRebarPricePrediction - INFO - API_KEY: DeAcero Request made during the last hour: 59
2025-11-09 12:24:06,970 - SteelRebarPricePrediction - INFO -  Using prediccionn saved on cache (last updated  0.3 minutes)
2025-11-09 12:24:07,198 - SteelRebarPricePrediction - INFO - API_KEY: DeAcero Request made during the last hour: 60
2025-11-09 12:24:07,198 - SteelRebarPricePrediction - INFO -  Using prediccionn saved on cache (last updated  0.3 minutes)
2025-11-09 12:24:07,405 - SteelRebarPricePrediction - INFO - API_KEY: DeAcero Request made during the last hour: 61
2025-11-09 12:24:07,407 - SteelRebarPricePrediction - INFO -  Using prediccionn saved on cache (last updated  0.3 minutes)
2025-11-09 12:24:07,621 - SteelRebarPricePrediction - INFO - API_KEY: DeAcero Request made during the last hour: 62
2025-11-09 12:24:07,622 - SteelRebarPricePrediction - INFO -  Using prediccionn saved on cache (last updated  0.3 minutes)
2025-11-09 12:24:07,851 - SteelRebarPricePrediction - INFO - API_KEY: DeAcero Request made during the last hour: 63
2025-11-09 12:24:07,851 - SteelRebarPricePrediction - INFO -  Using prediccionn saved on cache (last updated  0.3 minutes)
2025-11-09 12:24:08,067 - SteelRebarPricePrediction - INFO - API_KEY: DeAcero Request made during the last hour: 64
2025-11-09 12:24:08,067 - SteelRebarPricePrediction - INFO -  Using prediccionn saved on cache (last updated  0.3 minutes)
2025-11-09 12:24:08,282 - SteelRebarPricePrediction - INFO - API_KEY: DeAcero Request made during the last hour: 65
2025-11-09 12:24:08,282 - SteelRebarPricePrediction - INFO -  Using prediccionn saved on cache (last updated  0.4 minutes)
2025-11-09 12:24:08,503 - SteelRebarPricePrediction - INFO - API_KEY: DeAcero Request made during the last hour: 66
2025-11-09 12:24:08,504 - SteelRebarPricePrediction - INFO -  Using prediccionn saved on cache (last updated  0.4 minutes)
2025-11-09 12:24:08,723 - SteelRebarPricePrediction - INFO - API_KEY: DeAcero Request made during the last hour: 67
2025-11-09 12:24:08,724 - SteelRebarPricePrediction - INFO -  Using prediccionn saved on cache (last updated  0.4 minutes)
2025-11-09 12:24:08,949 - SteelRebarPricePrediction - INFO - API_KEY: DeAcero Request made during the last hour: 68
2025-11-09 12:24:08,949 - SteelRebarPricePrediction - INFO -  Using prediccionn saved on cache (last updated  0.4 minutes)
2025-11-09 12:24:09,183 - SteelRebarPricePrediction - INFO - API_KEY: DeAcero Request made during the last hour: 69
2025-11-09 12:24:09,183 - SteelRebarPricePrediction - INFO -  Using prediccionn saved on cache (last updated  0.4 minutes)
2025-11-09 12:24:09,416 - SteelRebarPricePrediction - INFO - API_KEY: DeAcero Request made during the last hour: 70
2025-11-09 12:24:09,417 - SteelRebarPricePrediction - INFO -  Using prediccionn saved on cache (last updated  0.4 minutes)
2025-11-09 12:24:09,666 - SteelRebarPricePrediction - INFO - API_KEY: DeAcero Request made during the last hour: 71
2025-11-09 12:24:09,667 - SteelRebarPricePrediction - INFO -  Using prediccionn saved on cache (last updated  0.4 minutes)
2025-11-09 12:24:09,918 - SteelRebarPricePrediction - INFO - API_KEY: DeAcero Request made during the last hour: 72
2025-11-09 12:24:09,919 - SteelRebarPricePrediction - INFO -  Using prediccionn saved on cache (last updated  0.4 minutes)
2025-11-09 12:24:10,160 - SteelRebarPricePrediction - INFO - API_KEY: DeAcero Request made during the last hour: 73
2025-11-09 12:24:10,160 - SteelRebarPricePrediction - INFO -  Using prediccionn saved on cache (last updated  0.4 minutes)
2025-11-09 12:24:10,390 - SteelRebarPricePrediction - INFO - API_KEY: DeAcero Request made during the last hour: 74
2025-11-09 12:24:10,390 - SteelRebarPricePrediction - INFO -  Using prediccionn saved on cache (last updated  0.4 minutes)
2025-11-09 12:24:10,626 - SteelRebarPricePrediction - INFO - API_KEY: DeAcero Request made during the last hour: 75
2025-11-09 12:24:10,626 - SteelRebarPricePrediction - INFO -  Using prediccionn saved on cache (last updated  0.4 minutes)
2025-11-09 12:24:10,869 - SteelRebarPricePrediction - INFO - API_KEY: DeAcero Request made during the last hour: 76
2025-11-09 12:24:10,869 - SteelRebarPricePrediction - INFO -  Using prediccionn saved on cache (last updated  0.4 minutes)
2025-11-09 12:24:11,128 - SteelRebarPricePrediction - INFO - API_KEY: DeAcero Request made during the last hour: 77
2025-11-09 12:24:11,129 - SteelRebarPricePrediction - INFO -  Using prediccionn saved on cache (last updated  0.4 minutes)
2025-11-09 12:24:11,401 - SteelRebarPricePrediction - INFO - API_KEY: DeAcero Request made during the last hour: 78
2025-11-09 12:24:11,402 - SteelRebarPricePrediction - INFO -  Using prediccionn saved on cache (last updated  0.4 minutes)
2025-11-09 12:24:11,641 - SteelRebarPricePrediction - INFO - API_KEY: DeAcero Request made during the last hour: 79
2025-11-09 12:24:11,641 - SteelRebarPricePrediction - INFO -  Using prediccionn saved on cache (last updated  0.4 minutes)
2025-11-09 12:24:11,890 - SteelRebarPricePrediction - INFO - API_KEY: DeAcero Request made during the last hour: 80
2025-11-09 12:24:11,891 - SteelRebarPricePrediction - INFO -  Using prediccionn saved on cache (last updated  0.4 minutes)
2025-11-09 12:24:12,123 - SteelRebarPricePrediction - INFO - API_KEY: DeAcero Request made during the last hour: 81
2025-11-09 12:24:12,124 - SteelRebarPricePrediction - INFO -  Using prediccionn saved on cache (last updated  0.4 minutes)
2025-11-09 12:24:12,371 - SteelRebarPricePrediction - INFO - API_KEY: DeAcero Request made during the last hour: 82
2025-11-09 12:24:12,373 - SteelRebarPricePrediction - INFO -  Using prediccionn saved on cache (last updated  0.4 minutes)
2025-11-09 12:24:12,607 - SteelRebarPricePrediction - INFO - API_KEY: DeAcero Request made during the last hour: 83
2025-11-09 12:24:12,608 - SteelRebarPricePrediction - INFO -  Using prediccionn saved on cache (last updated  0.4 minutes)
2025-11-09 12:24:12,864 - SteelRebarPricePrediction - INFO - API_KEY: DeAcero Request made during the last hour: 84
2025-11-09 12:24:12,865 - SteelRebarPricePrediction - INFO -  Using prediccionn saved on cache (last updated  0.4 minutes)
2025-11-09 12:24:13,089 - SteelRebarPricePrediction - INFO - API_KEY: DeAcero Request made during the last hour: 85
2025-11-09 12:24:13,090 - SteelRebarPricePrediction - INFO -  Using prediccionn saved on cache (last updated  0.4 minutes)
2025-11-09 12:24:13,329 - SteelRebarPricePrediction - INFO - API_KEY: DeAcero Request made during the last hour: 86
2025-11-09 12:24:13,332 - SteelRebarPricePrediction - INFO -  Using prediccionn saved on cache (last updated  0.4 minutes)
2025-11-09 12:24:13,544 - SteelRebarPricePrediction - INFO - API_KEY: DeAcero Request made during the last hour: 87
2025-11-09 12:24:13,545 - SteelRebarPricePrediction - INFO -  Using prediccionn saved on cache (last updated  0.4 minutes)
2025-11-09 12:24:13,761 - SteelRebarPricePrediction - INFO - API_KEY: DeAcero Request made during the last hour: 88
2025-11-09 12:24:13,761 - SteelRebarPricePrediction - INFO -  Using prediccionn saved on cache (last updated  0.4 minutes)
2025-11-09 12:24:13,987 - SteelRebarPricePrediction - INFO - API_KEY: DeAcero Request made during the last hour: 89
2025-11-09 12:24:13,987 - SteelRebarPricePrediction - INFO -  Using prediccionn saved on cache (last updated  0.4 minutes)
2025-11-09 12:24:14,210 - SteelRebarPricePrediction - INFO - API_KEY: DeAcero Request made during the last hour: 90
2025-11-09 12:24:14,210 - SteelRebarPricePrediction - INFO -  Using prediccionn saved on cache (last updated  0.5 minutes)
2025-11-09 12:24:14,435 - SteelRebarPricePrediction - INFO - API_KEY: DeAcero Request made during the last hour: 91
2025-11-09 12:24:14,436 - SteelRebarPricePrediction - INFO -  Using prediccionn saved on cache (last updated  0.5 minutes)
2025-11-09 12:24:14,667 - SteelRebarPricePrediction - INFO - API_KEY: DeAcero Request made during the last hour: 92
2025-11-09 12:24:14,667 - SteelRebarPricePrediction - INFO -  Using prediccionn saved on cache (last updated  0.5 minutes)
2025-11-09 12:24:14,906 - SteelRebarPricePrediction - INFO - API_KEY: DeAcero Request made during the last hour: 93
2025-11-09 12:24:14,907 - SteelRebarPricePrediction - INFO -  Using prediccionn saved on cache (last updated  0.5 minutes)
2025-11-09 12:24:15,132 - SteelRebarPricePrediction - INFO - API_KEY: DeAcero Request made during the last hour: 94
2025-11-09 12:24:15,132 - SteelRebarPricePrediction - INFO -  Using prediccionn saved on cache (last updated  0.5 minutes)
2025-11-09 12:24:15,328 - SteelRebarPricePrediction - INFO - API_KEY: DeAcero Request made during the last hour: 95
2025-11-09 12:24:15,328 - SteelRebarPricePrediction - INFO -  Using prediccionn saved on cache (last updated  0.5 minutes)
2025-11-09 12:24:15,564 - SteelRebarPricePrediction - INFO - API_KEY: DeAcero Request made during the last hour: 96
2025-11-09 12:24:15,565 - SteelRebarPricePrediction - INFO -  Using prediccionn saved on cache (last updated  0.5 minutes)
2025-11-09 12:24:15,819 - SteelRebarPricePrediction - INFO - API_KEY: DeAcero Request made during the last hour: 97
2025-11-09 12:24:15,819 - SteelRebarPricePrediction - INFO -  Using prediccionn saved on cache (last updated  0.5 minutes)
2025-11-09 12:24:16,049 - SteelRebarPricePrediction - INFO - API_KEY: DeAcero Request made during the last hour: 98
2025-11-09 12:24:16,050 - SteelRebarPricePrediction - INFO -  Using prediccionn saved on cache (last updated  0.5 minutes)
2025-11-09 12:24:16,254 - SteelRebarPricePrediction - INFO - API_KEY: DeAcero Request made during the last hour: 99
2025-11-09 12:24:16,254 - SteelRebarPricePrediction - INFO -  Using prediccionn saved on cache (last updated  0.5 minutes)
2025-11-09 12:25:26,064 - SteelRebarPricePrediction - INFO - Configuration file loaded
2025-11-09 12:26:07,451 - SteelRebarPricePrediction - INFO - Configuration file loaded
2025-11-09 12:27:19,407 - SteelRebarPricePrediction - INFO - API_KEY: DeAcero Request made during the last hour: 0
2025-11-09 12:27:19,408 - SteelRebarPricePrediction - INFO - Cache expired, recaclculate prediction...
2025-11-09 12:27:20,627 - SteelRebarPricePrediction - INFO - hot_rolled_coil: 879.0000 (último cierre 2025-11-07)
2025-11-09 12:27:21,025 - SteelRebarPricePrediction - INFO - iron_ore: 103.3400 (último cierre 2025-11-07)
2025-11-09 12:27:21,444 - SteelRebarPricePrediction - INFO - usd_mxn: 18.4525 (último cierre 2025-11-09)
2025-11-09 12:27:21,860 - SteelRebarPricePrediction - INFO - coal: 22.9050 (último cierre 2025-11-07)
2025-11-09 12:27:21,885 - SteelRebarPricePrediction - INFO - Recalculated prediction, saving on cache.
2025-11-09 12:27:21,885 - SteelRebarPricePrediction - INFO - JSON: prediction_date=datetime.date(2025, 11, 10) predicted_price_usd_per_ton=580.1 currency='USD' unit='metric ton' model_confidence=0.95 timestamp=datetime.datetime(2025, 11, 9, 18, 27, 21, 885235, tzinfo=datetime.timezone.utc)
2025-11-10 06:15:39,408 - SteelRebarPricePrediction - INFO - Configuration file loaded
2025-11-10 06:15:56,084 - SteelRebarPricePrediction - INFO - API_KEY: DeAcero Request made during the last hour: 0
2025-11-10 06:15:56,084 - SteelRebarPricePrediction - INFO - Cache expired, recaclculate prediction...
2025-11-10 06:16:02,827 - SteelRebarPricePrediction - INFO - hot_rolled_coil: 855.0000 (último cierre 2025-11-09)
2025-11-10 06:16:03,422 - SteelRebarPricePrediction - INFO - iron_ore: 103.3400 (último cierre 2025-11-07)
2025-11-10 06:16:03,831 - SteelRebarPricePrediction - INFO - usd_mxn: 18.5563 (último cierre 2025-11-07)
2025-11-10 06:16:04,201 - SteelRebarPricePrediction - INFO - coal: 22.9050 (último cierre 2025-11-07)
2025-11-10 06:16:04,219 - SteelRebarPricePrediction - INFO - Recalculated prediction, saving on cache.
2025-11-10 06:16:04,220 - SteelRebarPricePrediction - INFO - JSON: prediction_date=datetime.date(2025, 11, 10) predicted_price_usd_per_ton=578.08 currency='USD' unit='metric ton' model_confidence=0.95 timestamp=datetime.datetime(2025, 11, 10, 12, 16, 4, 219613, tzinfo=datetime.timezone.utc)
2025-11-10 06:16:06,428 - SteelRebarPricePrediction - INFO - API_KEY: DeAcero Request made during the last hour: 1
2025-11-10 06:16:06,428 - SteelRebarPricePrediction - INFO -  Using prediccionn saved on cache (last updated  0.2 minutes)
2025-11-10 06:16:13,001 - SteelRebarPricePrediction - INFO - Steel rebar data loaded
2025-11-10 06:16:13,562 - SteelRebarPricePrediction - INFO - Downloading hot_rolled_coil data
2025-11-10 06:16:14,124 - SteelRebarPricePrediction - INFO - Downloading iron_ore data
2025-11-10 06:16:14,694 - SteelRebarPricePrediction - INFO - Downloading usd_mxn data
2025-11-10 06:16:15,219 - SteelRebarPricePrediction - INFO - Downloading coal data
2025-11-10 06:16:15,297 - SteelRebarPricePrediction - INFO - Training data correctly saved
2025-11-10 06:16:16,197 - SteelRebarPricePrediction - INFO - MAE RF: 24.7985
2025-11-10 06:16:16,197 - SteelRebarPricePrediction - INFO - MAPE RF: 4.53%
2025-11-10 06:16:16,198 - SteelRebarPricePrediction - INFO - R2 RF: -2.9733
2025-11-10 06:16:16,323 - SteelRebarPricePrediction - INFO - RandomForest model saved at: C:\Users\miria\OneDrive\Documents\DeAcero\app\model\steel_rebar_model_v2.pkl
2025-11-10 06:16:23,122 - SteelRebarPricePrediction - INFO - API_KEY: DeAcero Request made during the last hour: 2
2025-11-10 06:16:23,123 - SteelRebarPricePrediction - INFO -  Using prediccionn saved on cache (last updated  0.5 minutes)
2025-11-10 06:16:23,999 - SteelRebarPricePrediction - INFO - API_KEY: DeAcero Request made during the last hour: 3
2025-11-10 06:16:23,999 - SteelRebarPricePrediction - INFO -  Using prediccionn saved on cache (last updated  0.5 minutes)
2025-11-10 06:25:35,071 - SteelRebarPricePrediction - INFO - Configuration file loaded
2025-11-10 06:26:02,431 - SteelRebarPricePrediction - INFO - Steel rebar data loaded
2025-11-10 06:26:03,618 - SteelRebarPricePrediction - INFO - Downloading hot_rolled_coil data
2025-11-10 06:26:04,154 - SteelRebarPricePrediction - INFO - Downloading iron_ore data
2025-11-10 06:26:04,729 - SteelRebarPricePrediction - INFO - Downloading usd_mxn data
2025-11-10 06:26:05,461 - SteelRebarPricePrediction - INFO - Downloading coal data
2025-11-10 06:26:05,526 - SteelRebarPricePrediction - INFO - Training data correctly saved
2025-11-10 06:26:06,513 - SteelRebarPricePrediction - INFO - MAE RF: 24.7985
2025-11-10 06:26:06,514 - SteelRebarPricePrediction - INFO - MAPE RF: 4.53%
2025-11-10 06:26:06,514 - SteelRebarPricePrediction - INFO - R2 RF: -2.9733
2025-11-10 06:26:06,592 - SteelRebarPricePrediction - INFO - RandomForest model saved at: C:\Users\miria\OneDrive\Documents\DeAcero\app\model\steel_rebar_model_v2.pkl
2025-11-10 06:26:18,540 - SteelRebarPricePrediction - INFO - API_KEY: DeAcero Request made during the last hour: 0
2025-11-10 06:26:18,540 - SteelRebarPricePrediction - INFO - Cache expired, recaclculate prediction...
2025-11-10 06:26:19,036 - SteelRebarPricePrediction - INFO - hot_rolled_coil: 880.0000 (último cierre 2025-11-09)
2025-11-10 06:26:19,414 - SteelRebarPricePrediction - INFO - iron_ore: 103.3400 (último cierre 2025-11-07)
2025-11-10 06:26:19,815 - SteelRebarPricePrediction - INFO - usd_mxn: 18.3772 (último cierre 2025-11-10)
2025-11-10 06:26:20,215 - SteelRebarPricePrediction - INFO - coal: 22.9050 (último cierre 2025-11-07)
2025-11-10 06:26:20,235 - SteelRebarPricePrediction - INFO - Recalculated prediction, saving on cache.
2025-11-10 06:26:20,236 - SteelRebarPricePrediction - INFO - JSON: prediction_date=datetime.date(2025, 11, 11) predicted_price_usd_per_ton=584.24 currency='USD' unit='metric ton' model_confidence=0.95 timestamp=datetime.datetime(2025, 11, 10, 12, 26, 20, 235613, tzinfo=datetime.timezone.utc)
2025-11-10 15:08:59,245 - SteelRebarPricePrediction - INFO - Configuration file loaded
2025-11-10 15:09:40,137 - SteelRebarPricePrediction - INFO - Steel rebar data loaded for analysis
2025-11-10 15:09:42,408 - SteelRebarPricePrediction - INFO - Downloaded iron_ore
2025-11-10 15:09:42,413 - SteelRebarPricePrediction - INFO - Downloaded hot_rolled_coil
2025-11-10 15:09:42,422 - SteelRebarPricePrediction - INFO - Downloaded usd_mxn
2025-11-10 15:09:42,426 - SteelRebarPricePrediction - INFO - Downloaded coal
2025-11-10 15:09:42,454 - SteelRebarPricePrediction - INFO - Correctly merging all the data
2025-11-10 15:09:42,590 - SteelRebarPricePrediction - INFO - Training data correctly saved
2025-11-10 15:09:43,465 - SteelRebarPricePrediction - INFO - MAE RF: 24.8182
2025-11-10 15:09:43,466 - SteelRebarPricePrediction - INFO - MAPE RF: 4.54%
2025-11-10 15:09:43,466 - SteelRebarPricePrediction - INFO - R2 RF: -3.3269
2025-11-10 15:09:43,526 - SteelRebarPricePrediction - INFO - RandomForest model saved at: C:\Users\miria\OneDrive\Documents\DeAcero\app\model\steel_rebar_model_v2.pkl
2025-11-10 15:17:48,481 - SteelRebarPricePrediction - INFO - Configuration file loaded
2025-11-10 16:20:52,837 - SteelRebarPricePrediction - INFO - Configuration file loaded
2025-11-10 16:21:39,497 - SteelRebarPricePrediction - INFO - Steel rebar data loaded for analysis
2025-11-10 16:21:41,395 - SteelRebarPricePrediction - INFO - Downloaded iron_ore
2025-11-10 16:21:41,398 - SteelRebarPricePrediction - INFO - Downloaded hot_rolled_coil
2025-11-10 16:21:41,453 - SteelRebarPricePrediction - WARNING - Error downloading MXN=X: Length mismatch: Expected axis has 3 elements, new values have 2 elements
2025-11-10 16:21:41,454 - SteelRebarPricePrediction - WARNING - Error downloading COAL: Length mismatch: Expected axis has 3 elements, new values have 2 elements
2025-11-10 16:21:41,540 - SteelRebarPricePrediction - INFO - Correctly merging all the data
2025-11-10 16:21:41,670 - SteelRebarPricePrediction - INFO - Training data correctly saved
2025-11-10 16:21:42,594 - SteelRebarPricePrediction - INFO - MAE RF: 24.8182
2025-11-10 16:21:42,595 - SteelRebarPricePrediction - INFO - MAPE RF: 4.54%
2025-11-10 16:21:42,596 - SteelRebarPricePrediction - INFO - R2 RF: -3.3269
2025-11-10 16:21:42,803 - SteelRebarPricePrediction - INFO - RandomForest model saved at: C:\Users\miria\OneDrive\Documents\DeAcero\app\model\steel_rebar_model_v2.pkl
2025-11-10 16:22:00,943 - SteelRebarPricePrediction - INFO - API_KEY: DeAcero Request made during the last hour: 0
2025-11-10 16:22:34,122 - SteelRebarPricePrediction - INFO - API_KEY: DeAcero Request made during the last hour: 1
2025-11-10 16:24:41,115 - SteelRebarPricePrediction - INFO - Configuration file loaded
2025-11-10 16:25:10,275 - SteelRebarPricePrediction - INFO - Steel rebar data loaded for analysis
2025-11-10 16:25:12,197 - SteelRebarPricePrediction - INFO - Downloaded hot_rolled_coil
2025-11-10 16:25:12,201 - SteelRebarPricePrediction - INFO - Downloaded coal
2025-11-10 16:25:12,203 - SteelRebarPricePrediction - INFO - Downloaded usd_mxn
2025-11-10 16:25:12,203 - SteelRebarPricePrediction - INFO - Downloaded iron_ore
2025-11-10 16:25:12,237 - SteelRebarPricePrediction - INFO - Correctly merging all the data
2025-11-10 16:25:12,280 - SteelRebarPricePrediction - INFO - Training data correctly saved
2025-11-10 16:25:12,587 - SteelRebarPricePrediction - INFO - MAE RF: 24.8182
2025-11-10 16:25:12,588 - SteelRebarPricePrediction - INFO - MAPE RF: 4.54%
2025-11-10 16:25:12,588 - SteelRebarPricePrediction - INFO - R2 RF: -3.3269
2025-11-10 16:25:12,645 - SteelRebarPricePrediction - INFO - RandomForest model saved at: C:\Users\miria\OneDrive\Documents\DeAcero\app\model\steel_rebar_model_v2.pkl
2025-11-10 16:26:29,042 - SteelRebarPricePrediction - INFO - API_KEY: DeAcero Request made during the last hour: 0
2025-11-10 16:26:37,342 - SteelRebarPricePrediction - INFO - Cache expired — recalculating prediction...
2025-11-10 16:26:39,160 - SteelRebarPricePrediction - INFO - Prediction recalculated and cached successfully.
2025-11-10 16:26:39,160 - SteelRebarPricePrediction - INFO - JSON Response: prediction_date=datetime.date(2025, 11, 11) predicted_price_usd_per_ton=616.34 currency='USD' unit='metric ton' model_confidence=0.95 timestamp=datetime.datetime(2025, 11, 10, 22, 26, 39, 160201, tzinfo=datetime.timezone.utc)
2025-11-10 16:28:14,330 - SteelRebarPricePrediction - INFO - Steel rebar data loaded for analysis
2025-11-10 16:28:15,078 - SteelRebarPricePrediction - INFO - Downloaded usd_mxn
2025-11-10 16:28:15,119 - SteelRebarPricePrediction - INFO - Downloaded coal
2025-11-10 16:28:15,150 - SteelRebarPricePrediction - INFO - Downloaded iron_ore
2025-11-10 16:28:15,246 - SteelRebarPricePrediction - INFO - Downloaded hot_rolled_coil
2025-11-10 16:28:15,304 - SteelRebarPricePrediction - INFO - Correctly merging all the data
2025-11-10 16:28:15,455 - SteelRebarPricePrediction - INFO - Training data correctly saved
2025-11-10 16:28:16,402 - SteelRebarPricePrediction - INFO - MAE RF: 24.8182
2025-11-10 16:28:16,404 - SteelRebarPricePrediction - INFO - MAPE RF: 4.54%
2025-11-10 16:28:16,405 - SteelRebarPricePrediction - INFO - R2 RF: -3.3269
2025-11-10 16:32:14,489 - SteelRebarPricePrediction - INFO - RandomForest model saved at: C:\Users\miria\OneDrive\Documents\DeAcero\app\model\steel_rebar_model_v2.pkl
2025-11-10 16:42:39,304 - SteelRebarPricePrediction - INFO - Configuration file loaded
2025-11-10 16:43:05,755 - SteelRebarPricePrediction - INFO - Steel rebar data loaded for analysis
2025-11-10 16:43:07,709 - SteelRebarPricePrediction - INFO - Downloaded usd_mxn
2025-11-10 16:43:07,719 - SteelRebarPricePrediction - INFO - Downloaded hot_rolled_coil
2025-11-10 16:43:07,723 - SteelRebarPricePrediction - INFO - Downloaded iron_ore
2025-11-10 16:43:07,766 - SteelRebarPricePrediction - INFO - Downloaded coal
2025-11-10 16:43:07,844 - SteelRebarPricePrediction - INFO - Correctly merging all the data
2025-11-10 16:43:07,962 - SteelRebarPricePrediction - INFO - Training data correctly saved
2025-11-10 16:43:09,433 - SteelRebarPricePrediction - INFO - MAE RF: 45.2624
2025-11-10 16:43:09,434 - SteelRebarPricePrediction - INFO - MAPE RF: 8.20%
2025-11-10 16:43:09,435 - SteelRebarPricePrediction - INFO - R2 RF: -12.7718
2025-11-10 16:43:14,517 - SteelRebarPricePrediction - INFO - RandomForest model saved at: C:\Users\miria\OneDrive\Documents\DeAcero\app\model\steel_rebar_model_v2.pkl
2025-11-10 16:43:31,994 - SteelRebarPricePrediction - INFO - Steel rebar data loaded for analysis
2025-11-10 16:43:32,609 - SteelRebarPricePrediction - INFO - Downloaded iron_ore
2025-11-10 16:43:32,640 - SteelRebarPricePrediction - INFO - Downloaded usd_mxn
2025-11-10 16:43:32,640 - SteelRebarPricePrediction - INFO - Downloaded coal
2025-11-10 16:43:32,652 - SteelRebarPricePrediction - INFO - Downloaded hot_rolled_coil
2025-11-10 16:43:32,662 - SteelRebarPricePrediction - INFO - Correctly merging all the data
2025-11-10 16:43:32,700 - SteelRebarPricePrediction - INFO - Training data correctly saved
2025-11-10 16:43:33,019 - SteelRebarPricePrediction - INFO - MAE RF: 24.8182
2025-11-10 16:43:33,019 - SteelRebarPricePrediction - INFO - MAPE RF: 4.54%
2025-11-10 16:43:33,020 - SteelRebarPricePrediction - INFO - R2 RF: -3.3269
2025-11-10 16:43:33,088 - SteelRebarPricePrediction - INFO - RandomForest model saved at: C:\Users\miria\OneDrive\Documents\DeAcero\app\model\steel_rebar_model_v2.pkl
2025-11-10 16:44:00,562 - SteelRebarPricePrediction - INFO - API_KEY: DeAcero Request made during the last hour: 0
2025-11-10 16:44:00,563 - SteelRebarPricePrediction - INFO - Cache expired — recalculating prediction...
2025-11-10 16:44:02,498 - SteelRebarPricePrediction - INFO - Prediction recalculated and cached successfully.
2025-11-10 16:44:02,499 - SteelRebarPricePrediction - INFO - JSON Response: prediction_date=datetime.date(2025, 11, 11) predicted_price_usd_per_ton=616.34 currency='USD' unit='metric ton' model_confidence=0.95 timestamp=datetime.datetime(2025, 11, 10, 22, 44, 2, 498247, tzinfo=datetime.timezone.utc)
2025-11-10 16:44:28,956 - SteelRebarPricePrediction - INFO - Configuration file loaded
2025-11-10 16:44:46,360 - SteelRebarPricePrediction - INFO - API_KEY: DeAcero Request made during the last hour: 0
2025-11-10 16:44:46,360 - SteelRebarPricePrediction - INFO - Cache expired — recalculating prediction...
2025-11-10 16:44:49,376 - SteelRebarPricePrediction - INFO - Prediction recalculated and cached successfully.
2025-11-10 16:44:49,377 - SteelRebarPricePrediction - INFO - JSON Response: prediction_date=datetime.date(2025, 11, 11) predicted_price_usd_per_ton=616.34 currency='USD' unit='metric ton' model_confidence=0.95 timestamp=datetime.datetime(2025, 11, 10, 22, 44, 49, 375994, tzinfo=datetime.timezone.utc)
2025-11-10 16:45:00,154 - SteelRebarPricePrediction - INFO - API_KEY: DeAcero Request made during the last hour: 1
2025-11-10 16:45:00,155 - SteelRebarPricePrediction - INFO - Using cached prediction (updated 0.2 minutes ago)
2025-11-10 16:45:18,428 - SteelRebarPricePrediction - INFO - Configuration file loaded
2025-11-10 16:45:43,073 - SteelRebarPricePrediction - INFO - API_KEY: DeAcero Request made during the last hour: 0
2025-11-10 16:45:43,073 - SteelRebarPricePrediction - INFO - Cache expired — recalculating prediction...
2025-11-10 16:45:46,403 - SteelRebarPricePrediction - INFO - Prediction recalculated and cached successfully.
2025-11-10 16:45:46,405 - SteelRebarPricePrediction - INFO - JSON Response: prediction_date=datetime.date(2025, 11, 11) predicted_price_usd_per_ton=616.34 currency='USD' unit='metric ton' model_confidence=0.95 timestamp=datetime.datetime(2025, 11, 10, 22, 45, 46, 403347, tzinfo=datetime.timezone.utc)
2025-11-10 16:46:08,811 - SteelRebarPricePrediction - INFO - Configuration file loaded
2025-11-10 16:46:28,944 - SteelRebarPricePrediction - INFO - API_KEY: DeAcero Request made during the last hour: 0
2025-11-10 16:46:28,945 - SteelRebarPricePrediction - INFO - Cache expired — recalculating prediction...
2025-11-10 16:46:32,673 - SteelRebarPricePrediction - INFO - Prediction recalculated and cached successfully.
2025-11-10 16:46:32,674 - SteelRebarPricePrediction - INFO - JSON Response: prediction_date=datetime.date(2025, 11, 11) predicted_price_usd_per_ton=616.34 currency='USD' unit='metric ton' model_confidence=0.95 timestamp=datetime.datetime(2025, 11, 10, 22, 46, 32, 673012, tzinfo=datetime.timezone.utc)
2025-11-10 16:46:33,188 - SteelRebarPricePrediction - INFO - API_KEY: DeAcero Request made during the last hour: 1
2025-11-10 16:46:33,189 - SteelRebarPricePrediction - INFO - Using cached prediction (updated 0.1 minutes ago)
2025-11-10 16:53:40,996 - SteelRebarPricePrediction - INFO - Configuration file loaded
2025-11-10 16:54:07,147 - SteelRebarPricePrediction - INFO - Configuration file loaded
2025-11-10 16:54:27,088 - SteelRebarPricePrediction - INFO - Steel rebar data loaded for analysis
2025-11-10 16:54:29,007 - SteelRebarPricePrediction - INFO - Downloaded coal
2025-11-10 16:54:29,041 - SteelRebarPricePrediction - INFO - Downloaded iron_ore
2025-11-10 16:54:29,101 - SteelRebarPricePrediction - WARNING - Error downloading HRC=F: Length mismatch: Expected axis has 3 elements, new values have 2 elements
2025-11-10 16:54:29,117 - SteelRebarPricePrediction - WARNING - Error downloading MXN=X: Length mismatch: Expected axis has 3 elements, new values have 2 elements
2025-11-10 16:54:29,175 - SteelRebarPricePrediction - INFO - Correctly merging all the data
2025-11-10 16:54:29,307 - SteelRebarPricePrediction - INFO - Training data correctly saved
2025-11-10 16:54:30,299 - SteelRebarPricePrediction - INFO - MAE RF: 24.8182
2025-11-10 16:54:30,300 - SteelRebarPricePrediction - INFO - MAPE RF: 4.54%
2025-11-10 16:54:30,302 - SteelRebarPricePrediction - INFO - R2 RF: -3.3269
2025-11-10 16:54:30,550 - SteelRebarPricePrediction - INFO - RandomForest model saved at: C:\Users\miria\OneDrive\Documents\DeAcero\app\model\steel_rebar_model_v2.pkl
2025-11-10 16:54:45,510 - SteelRebarPricePrediction - INFO - API_KEY: DeAcero Request made during the last hour: 0
2025-11-10 16:54:45,511 - SteelRebarPricePrediction - INFO - Cache expired — recalculating prediction...
2025-11-10 16:55:31,600 - SteelRebarPricePrediction - INFO - Configuration file loaded
2025-11-10 16:55:54,805 - SteelRebarPricePrediction - INFO - Configuration file loaded
2025-11-10 16:56:20,124 - SteelRebarPricePrediction - INFO - Steel rebar data loaded for analysis
2025-11-10 16:56:21,829 - SteelRebarPricePrediction - INFO - Downloaded iron_ore
2025-11-10 16:56:21,846 - SteelRebarPricePrediction - INFO - Downloaded hot_rolled_coil
2025-11-10 16:56:21,846 - SteelRebarPricePrediction - INFO - Downloaded coal
2025-11-10 16:56:21,860 - SteelRebarPricePrediction - WARNING - Error downloading MXN=X: Length mismatch: Expected axis has 3 elements, new values have 2 elements
2025-11-10 16:56:21,874 - SteelRebarPricePrediction - INFO - Correctly merging all the data
2025-11-10 16:56:21,927 - SteelRebarPricePrediction - INFO - Training data correctly saved
2025-11-10 16:56:22,341 - SteelRebarPricePrediction - INFO - MAE RF: 24.8182
2025-11-10 16:56:22,342 - SteelRebarPricePrediction - INFO - MAPE RF: 4.54%
2025-11-10 16:56:22,342 - SteelRebarPricePrediction - INFO - R2 RF: -3.3269
2025-11-10 16:56:22,433 - SteelRebarPricePrediction - INFO - RandomForest model saved at: C:\Users\miria\OneDrive\Documents\DeAcero\app\model\steel_rebar_model_v2.pkl
2025-11-10 16:56:41,714 - SteelRebarPricePrediction - INFO - API_KEY: DeAcero Request made during the last hour: 0
2025-11-10 16:57:40,000 - SteelRebarPricePrediction - INFO - Configuration file loaded
2025-11-10 16:58:04,607 - SteelRebarPricePrediction - INFO - Steel rebar data loaded for analysis
2025-11-10 16:58:06,447 - SteelRebarPricePrediction - INFO - Downloaded usd_mxn
2025-11-10 16:58:06,494 - SteelRebarPricePrediction - WARNING - Error downloading HRC=F: Length mismatch: Expected axis has 3 elements, new values have 2 elements
2025-11-10 16:58:06,494 - SteelRebarPricePrediction - WARNING - Error downloading COAL: Length mismatch: Expected axis has 3 elements, new values have 2 elements
2025-11-10 16:58:06,496 - SteelRebarPricePrediction - WARNING - Error downloading TIO=F: Length mismatch: Expected axis has 3 elements, new values have 2 elements
2025-11-10 16:58:06,509 - SteelRebarPricePrediction - INFO - Correctly merging all the data
2025-11-10 16:58:06,555 - SteelRebarPricePrediction - INFO - Training data correctly saved
2025-11-10 16:58:06,845 - SteelRebarPricePrediction - INFO - MAE RF: 24.8182
2025-11-10 16:58:06,846 - SteelRebarPricePrediction - INFO - MAPE RF: 4.54%
2025-11-10 16:58:06,846 - SteelRebarPricePrediction - INFO - R2 RF: -3.3269
2025-11-10 16:58:06,919 - SteelRebarPricePrediction - INFO - RandomForest model saved at: C:\Users\miria\OneDrive\Documents\DeAcero\app\model\steel_rebar_model_v2.pkl
2025-11-10 16:58:17,776 - SteelRebarPricePrediction - INFO - API_KEY: DeAcero Request made during the last hour: 0
2025-11-10 16:58:17,777 - SteelRebarPricePrediction - INFO - Cache expired — recalculating prediction...
2025-11-10 16:58:18,700 - SteelRebarPricePrediction - INFO - Prediction recalculated and cached successfully.
2025-11-10 16:58:18,701 - SteelRebarPricePrediction - INFO - JSON Response: prediction_date=datetime.date(2025, 11, 10) predicted_price_usd_per_ton=580.72 currency='USD' unit='metric ton' model_confidence=0.95 timestamp=datetime.datetime(2025, 11, 10, 22, 58, 18, 700587, tzinfo=datetime.timezone.utc)
2025-11-11 05:54:22,332 - SteelRebarPricePrediction - INFO - Configuration file loaded
